*************************************
------------- Call Depth ------------
 Depth  Interrupt    Function
-------------------------------------
    0        N         ProgramStart
    1        Y           _TCC_l
    1        Y           _ALLInt
C   2        Y             _timeout_handle
C   3        Y               _ad_enable
C   2        Y             _ad_read
C   3        Y               _IO_H_L
C   3        Y               _IO_H_L
C   3        Y               _pwm2_init
C   3        Y               _pwm2_decrease
    1        Y           _ADC_l
    1        Y           _ALLInt
C   2        Y             _timeout_handle
C   3        Y               _ad_enable
C   2        Y             _ad_read
C   3        Y               _IO_H_L
C   3        Y               _IO_H_L
C   3        Y               _pwm2_init
C   3        Y               _pwm2_decrease
    0        N         _main
C   1        N           _clear_all_ram
C   1        N           _system_initial
C   1        N           _time_tcc_pro
C   1        N           _io_init
C   1        N           _b16ad_init
C   2        N             _IO_H_L
C   2        N             _IO_H_L
C   2        N             _IO_H_L
C   2        N             _IO_H_L
C   2        N             _IO_H_L
C   1        N           _ad_init
C   1        N           _b16ad_init
C   2        N             _IO_H_L
C   2        N             _IO_H_L
C   2        N             _IO_H_L
C   2        N             _IO_H_L
C   2        N             _IO_H_L
C   1        N           _Charger
C   2        N             _charger_half_hour_last
C   3        N               _charger_floating_an_hour
C   4        N                 _IO_H_L
C   4        N                 _IO_H_L
C   4        N                 _IO_H_L
C   3        N               _IO_H_L
C   3        N               _IO_H_L
C   3        N               _IO_H_L
C   3        N               _IO_H_L
C   2        N             _charger_half_hour
C   3        N               _charger_floating_an_hour
C   4        N                 _IO_H_L
C   4        N                 _IO_H_L
C   4        N                 _IO_H_L
C   3        N               _IO_H_L
C   3        N               _IO_H_L
C   3        N               _IO_H_L
C   3        N               _IO_H_L
C   3        N               _charger_half_hour_last
C   4        N                 _charger_floating_an_hour
C   5        N                   _IO_H_L
C   5        N                   _IO_H_L
C   5        N                   _IO_H_L
C   4        N                 _IO_H_L
C   4        N                 _IO_H_L
C   4        N                 _IO_H_L
C   4        N                 _IO_H_L
C   2        N             _charger_half_hour
C   3        N               _charger_floating_an_hour
C   4        N                 _IO_H_L
C   4        N                 _IO_H_L
C   4        N                 _IO_H_L
C   3        N               _IO_H_L
C   3        N               _IO_H_L
C   3        N               _IO_H_L
C   3        N               _IO_H_L
C   3        N               _charger_half_hour_last
C   4        N                 _charger_floating_an_hour
C   5        N                   _IO_H_L
C   5        N                   _IO_H_L
C   5        N                   _IO_H_L
C   4        N                 _IO_H_L
C   4        N                 _IO_H_L
C   4        N                 _IO_H_L
C   4        N                 _IO_H_L
C   2        N             _charger_eight_hours
C   3        N               _IO_H_L
C   3        N               _charger_floating_an_hour
C   4        N                 _IO_H_L
C   4        N                 _IO_H_L
C   4        N                 _IO_H_L
C   3        N               _IO_H_L
C   3        N               _IO_H_L
C   3        N               _IO_H_L
C   3        N               _IO_H_L
C   3        N               _charger_half_hour
C   4        N                 _charger_floating_an_hour
C   5        N                   _IO_H_L
C   5        N                   _IO_H_L
C   5        N                   _IO_H_L
C   4        N                 _IO_H_L
C   4        N                 _IO_H_L
C   4        N                 _IO_H_L
C   4        N                 _IO_H_L
C   4        N                 _charger_half_hour_last
C   5        N                   _charger_floating_an_hour
C   6        N                     _IO_H_L
C   6        N                     _IO_H_L
C   6        N                     _IO_H_L
C   5        N                   _IO_H_L
C   5        N                   _IO_H_L
C   5        N                   _IO_H_L
C   5        N                   _IO_H_L
-------------------------------------
Stack Depth: 6
****************************************
------------- Free ROM Size ------------
Start=0X1    , End=0X8    , Size=8
Start=0XB    , End=0XB    , Size=1
Start=0X2B7  , End=0X3FF  , Size=329
----------------------------------------
EM78P301N       |        ROM Size        
----------------+-----------------------
Total           |  1024 x 13 bits(100.0%)
Used            |   686 x 13 bits( 67.0%)
Free            |   338 x 13 bits( 33.0%)
----------------------------------------
*************************************
-------------- Data Map -------------
d -- Uninitialized data
D -- Initialized data
b -- Uninitialized bit data
B -- Initialized bit data
C -- C Register
-------------- RAM Data -------------
0x00  - - - - - - - - - - - - - - - - 
0x10  - - - - - - - - - - - - - - - - 
0x20  b D D d d d d d d d d d d d d d 
0x30  d d d d d d d d d d d d d d d d 
0x40  d d D D D D d D d d d C - - - - 
0x50  - - - - - - - - - - - - - - - - 
----------- Register Data -----------
0x00  d d d b d b b b d b b d d d b b 
0x10  d C C C C C C C - - - - - - - - 
0x20  - - - - - d d d d d d d d d d d 
-------------- IO Data --------------
0x00  - - - - - d d d d d d d d d d d 
0x10  - - - - - d d d d - - - - - - d 
****************************************
--------------- ROM Code ---------------
    0x0000 :  JMP   0x031       
    0x0001 :  ADD   A, @0xFF    
    0x0002 :  ADD   A, @0xFF    
    0x0003 :  ADD   A, @0xFF    
    0x0004 :  ADD   A, @0xFF    
    0x0005 :  ADD   A, @0xFF    
    0x0006 :  ADD   A, @0xFF    
    0x0007 :  ADD   A, @0xFF    
    0x0008 :  ADD   A, @0xFF    
D:\外接项目\义隆单片机\Charger\Charger_301\interrupt_vector.h (line 85)
  ;_asm{MOV A,0x2};
    0x0009 :  MOV   A, 0x02     
D:\外接项目\义隆单片机\Charger\Charger_301\interrupt_vector.h (line 86)
  ;}
    0x000A :  JMP   0x00E       
    0x000B :  ADD   A, @0xFF    
D:\外接项目\义隆单片机\Charger\Charger_301\interrupt_vector.h (line 90)
  ;_asm{MOV A,0x2};
    0x000C :  MOV   A, 0x02     
    0x000D :  JMP   0x00E       
D:\外接项目\义隆单片机\Charger\Charger_301\interrupt_vector.h (line 53)
  ;switch(IntVecIdx)
    0x000E :  MOV   0x10, A     
    0x000F :  BANK  @0x1        
    0x0010 :  MOV   A, 0x17     
    0x0011 :  MOV   0x2B, A     
    0x0012 :  MOV   A, 0x10     
    0x0013 :  MOV   0x13, A     
    0x0014 :  MOV   A, 0x13     
    0x0015 :  XOR   A, @0x0A    
    0x0016 :  JBC   0x03, 2     
    0x0017 :  JMP   0x01D       
    0x0018 :  MOV   A, 0x13     
    0x0019 :  XOR   A, @0x0D    
    0x001A :  JBC   0x03, 2     
    0x001B :  JMP   0x026       
    0x001C :  JMP   0x02D       
D:\外接项目\义隆单片机\Charger\Charger_301\interrupt_vector.h (line 57)
  ;second_count++;
    0x001D :  BANK  @0x1        
    0x001E :  INC   0x22        
D:\外接项目\义隆单片机\Charger\Charger_301\interrupt_vector.h (line 58)
  ;timeout_handle();
    0x001F :  CALL  0x056       
D:\外接项目\义隆单片机\Charger\Charger_301\interrupt_vector.h (line 59)
  ;RF &=~BIT0;		//清除TCC中断标志
    0x0020 :  MOV   A, @0xFE    
    0x0021 :  BC    0x04, 7     
    0x0022 :  AND   0x0F, A     
D:\外接项目\义隆单片机\Charger\Charger_301\interrupt_vector.h (line 60)
  ;TCC=6;
    0x0023 :  MOV   A, @0x06    
    0x0024 :  MOV   0x01, A     
D:\外接项目\义隆单片机\Charger\Charger_301\interrupt_vector.h (line 61)
  ;break;
    0x0025 :  JMP   0x02D       
D:\外接项目\义隆单片机\Charger\Charger_301\interrupt_vector.h (line 64)
  ;adc_value = ad_read();
    0x0026 :  CALL  0x08A       
    0x0027 :  MOV   A, 0x11     
    0x0028 :  BANK  @0x1        
    0x0029 :  MOV   0x26, A     
D:\外接项目\义隆单片机\Charger\Charger_301\interrupt_vector.h (line 65)
  ;RE &=~BIT5;		//清除AD中断标志
    0x002A :  MOV   A, @0xDF    
    0x002B :  BC    0x04, 7     
    0x002C :  AND   0x0E, A     
D:\外接项目\义隆单片机\Charger\Charger_301\interrupt_vector.h (line 71)
  ;}
    0x002D :  BANK  @0x1        
    0x002E :  MOV   A, 0x2B     
    0x002F :  MOV   0x17, A     
    0x0030 :  RETI              
D:\外接项目\义隆单片机\Charger\Charger_301\B16AD.c (line 46)
  ;clear_all_ram();		//clear ram
    0x0031 :  BANK  @0x0        
    0x0032 :  MOV   A, @0x00    
    0x0033 :  MOV   0x21, A     
    0x0034 :  MOV   0x22, A     
    0x0035 :  BANK  @0x1        
    0x0036 :  MOV   0x22, A     
    0x0037 :  MOV   0x23, A     
    0x0038 :  MOV   0x24, A     
    0x0039 :  MOV   0x25, A     
    0x003A :  MOV   A, @0x7F    
    0x003B :  MOV   0x27, A     
    0x003C :  CALL  0x16F       
D:\外接项目\义隆单片机\Charger\Charger_301\B16AD.c (line 47)
  ;system_initial();		//system init
    0x003D :  CALL  0x17A       
D:\外接项目\义隆单片机\Charger\Charger_301\B16AD.c (line 48)
  ;time_tcc_pro();			//8ms
    0x003E :  CALL  0x189       
D:\外接项目\义隆单片机\Charger\Charger_301\B16AD.c (line 49)
  ;io_init(); 				//seems ok
    0x003F :  CALL  0x196       
D:\外接项目\义隆单片机\Charger\Charger_301\B16AD.c (line 50)
  ;_asm{eni}  // enable global interrupt by howie
    0x0040 :  ENI               
D:\外接项目\义隆单片机\Charger\Charger_301\B16AD.c (line 51)
  ;_asm{wdtc} //watch dog interrupt clear by howie，clear watch dog in while
    0x0041 :  WDTC              
D:\外接项目\义隆单片机\Charger\Charger_301\B16AD.c (line 52)
  ;b16ad_init();
    0x0042 :  CALL  0x1A5       
D:\外接项目\义隆单片机\Charger\Charger_301\B16AD.c (line 53)
  ;ad_init(); 				// adc init by howie.
    0x0043 :  CALL  0x1C4       
    0x0044 :  JMP   0x054       
D:\外接项目\义隆单片机\Charger\Charger_301\B16AD.c (line 60)
  ;IOC70|=0B00000010;//setting P71 floating 设置4脚浮空
    0x0045 :  BC    0x03, 6     
    0x0046 :  IOR   0x7         
    0x0047 :  OR    A, @0x02    
    0x0048 :  IOW   0x7         
D:\外接项目\义隆单片机\Charger\Charger_301\B16AD.c (line 61)
  ;b16ad_init();//输出初始化电平状态
    0x0049 :  CALL  0x1A5       
D:\外接项目\义隆单片机\Charger\Charger_301\B16AD.c (line 62)
  ;if(adc_value >= ADC_004V)
    0x004A :  MOV   A, @0x80    
    0x004B :  BANK  @0x1        
    0x004C :  XOR   A, 0x26     
    0x004D :  MOV   0x17, A     
    0x004E :  MOV   A, @0x85    
    0x004F :  SUB   A, 0x17     
    0x0050 :  JBS   0x03, 0     
    0x0051 :  JMP   0x053       
D:\外接项目\义隆单片机\Charger\Charger_301\B16AD.c (line 64)
  ;Charger();
    0x0052 :  CALL  0x1D1       
D:\外接项目\义隆单片机\Charger\Charger_301\B16AD.c (line 58)
  ;while(1)
    0x0053 :  JMP   0x045       
D:\外接项目\义隆单片机\Charger\Charger_301\B16AD.c (line 56)
  ;while(1)
    0x0054 :  JMP   0x053       
D:\外接项目\义隆单片机\Charger\Charger_301\B16AD.c (line 68)
  ;}
    0x0055 :  RET               
    0x0056 :  MOV   A, 0x13     
    0x0057 :  BANK  @0x0        
    0x0058 :  MOV   0x29, A     
    0x0059 :  MOV   A, 0x14     
    0x005A :  MOV   0x2A, A     
    0x005B :  MOV   A, 0x15     
    0x005C :  MOV   0x2B, A     
    0x005D :  MOV   A, 0x16     
    0x005E :  MOV   0x2C, A     
D:\外接项目\义隆单片机\Charger\Charger_301\interrupt_vector.h (line 39)
  ;if(second_count >= 125)
    0x005F :  MOV   A, @0x80    
    0x0060 :  BANK  @0x1        
    0x0061 :  XOR   A, 0x22     
    0x0062 :  MOV   0x17, A     
    0x0063 :  MOV   A, @0xFD    
    0x0064 :  SUB   A, 0x17     
    0x0065 :  JBS   0x03, 0     
    0x0066 :  JMP   0x06C       
D:\外接项目\义隆单片机\Charger\Charger_301\interrupt_vector.h (line 41)
  ;second_count = 0;
    0x0067 :  CLR   0x22        
D:\外接项目\义隆单片机\Charger\Charger_301\interrupt_vector.h (line 42)
  ;timeout++;
    0x0068 :  INC   0x24        
    0x0069 :  JBC   0x03, 2     
    0x006A :  INC   0x25        
D:\外接项目\义隆单片机\Charger\Charger_301\interrupt_vector.h (line 44)
  ;ad_enable();
    0x006B :  CALL  0x076       
D:\外接项目\义隆单片机\Charger\Charger_301\interrupt_vector.h (line 48)
  ;}
    0x006C :  BANK  @0x0        
    0x006D :  MOV   A, 0x29     
    0x006E :  MOV   0x13, A     
    0x006F :  MOV   A, 0x2A     
    0x0070 :  MOV   0x14, A     
    0x0071 :  MOV   A, 0x2B     
    0x0072 :  MOV   0x15, A     
    0x0073 :  MOV   A, 0x2C     
    0x0074 :  MOV   0x16, A     
    0x0075 :  RET               
    0x0076 :  MOV   A, 0x13     
    0x0077 :  BANK  @0x0        
    0x0078 :  MOV   0x2F, A     
    0x0079 :  MOV   A, 0x14     
    0x007A :  MOV   0x30, A     
    0x007B :  MOV   A, 0x15     
    0x007C :  MOV   0x31, A     
    0x007D :  MOV   A, 0x16     
    0x007E :  MOV   0x32, A     
D:\外接项目\义隆单片机\Charger\Charger_301\user_ad.h (line 83)
  ;ADRUN=1;
    0x007F :  BC    0x04, 7     
    0x0080 :  BS    0x09, 4     
D:\外接项目\义隆单片机\Charger\Charger_301\user_ad.h (line 84)
  ;}
    0x0081 :  MOV   A, 0x2F     
    0x0082 :  MOV   0x13, A     
    0x0083 :  MOV   A, 0x30     
    0x0084 :  MOV   0x14, A     
    0x0085 :  MOV   A, 0x31     
    0x0086 :  MOV   0x15, A     
    0x0087 :  MOV   A, 0x32     
    0x0088 :  MOV   0x16, A     
    0x0089 :  RET               
    0x008A :  MOV   A, 0x13     
    0x008B :  BANK  @0x0        
    0x008C :  MOV   0x2B, A     
    0x008D :  MOV   A, 0x14     
    0x008E :  MOV   0x2C, A     
    0x008F :  MOV   A, 0x15     
    0x0090 :  MOV   0x2D, A     
    0x0091 :  MOV   A, 0x16     
    0x0092 :  MOV   0x2E, A     
D:\外接项目\义隆单片机\Charger\Charger_301\user_ad.h (line 54)
  ;unsigned short result =0;
    0x0093 :  CLR   0x2A        
    0x0094 :  CLR   0x29        
D:\外接项目\义隆单片机\Charger\Charger_301\user_ad.h (line 56)
  ;result = ADDATA;
    0x0095 :  BC    0x04, 7     
    0x0096 :  MOV   A, 0x0B     
    0x0097 :  MOV   0x13, A     
    0x0098 :  CLR   0x14        
    0x0099 :  MOV   A, 0x13     
    0x009A :  MOV   0x29, A     
    0x009B :  MOV   A, 0x14     
    0x009C :  MOV   0x2A, A     
D:\外接项目\义隆单片机\Charger\Charger_301\user_ad.h (line 57)
  ;if(result >= ADC_005V)
    0x009D :  MOV   A, @0x00    
    0x009E :  SUB   A, 0x2A     
    0x009F :  JBS   0x03, 2     
    0x00A0 :  JMP   0x0A3       
    0x00A1 :  MOV   A, @0x06    
    0x00A2 :  SUB   A, 0x29     
    0x00A3 :  JBS   0x03, 0     
    0x00A4 :  JMP   0x0AB       
D:\外接项目\义隆单片机\Charger\Charger_301\user_ad.h (line 59)
  ;IO_H_L(5,1);
    0x00A5 :  MOV   A, @0x01    
    0x00A6 :  BANK  @0x0        
    0x00A7 :  MOV   0x28, A     
    0x00A8 :  MOV   A, @0x05    
    0x00A9 :  MOV   0x27, A     
    0x00AA :  CALL  0x0DB       
D:\外接项目\义隆单片机\Charger\Charger_301\user_ad.h (line 61)
  ;if(result <ADC_004V )
    0x00AB :  MOV   A, @0x00    
    0x00AC :  BANK  @0x0        
    0x00AD :  SUB   A, 0x2A     
    0x00AE :  JBS   0x03, 2     
    0x00AF :  JMP   0x0B2       
    0x00B0 :  MOV   A, @0x05    
    0x00B1 :  SUB   A, 0x29     
    0x00B2 :  JBC   0x03, 0     
    0x00B3 :  JMP   0x0BA       
D:\外接项目\义隆单片机\Charger\Charger_301\user_ad.h (line 63)
  ;IO_H_L(5,0);
    0x00B4 :  MOV   A, @0x00    
    0x00B5 :  BANK  @0x0        
    0x00B6 :  MOV   0x28, A     
    0x00B7 :  MOV   A, @0x05    
    0x00B8 :  MOV   0x27, A     
    0x00B9 :  CALL  0x0DB       
D:\外接项目\义隆单片机\Charger\Charger_301\user_ad.h (line 65)
  ;if(result >= 30)//(ADC_020 + 4)
    0x00BA :  MOV   A, @0x00    
    0x00BB :  BANK  @0x0        
    0x00BC :  SUB   A, 0x2A     
    0x00BD :  JBS   0x03, 2     
    0x00BE :  JMP   0x0C1       
    0x00BF :  MOV   A, @0x1E    
    0x00C0 :  SUB   A, 0x29     
    0x00C1 :  JBS   0x03, 0     
    0x00C2 :  JMP   0x0CD       
D:\外接项目\义隆单片机\Charger\Charger_301\user_ad.h (line 67)
  ;if(flag_pwm == 0)
    0x00C3 :  BANK  @0x0        
    0x00C4 :  MOV   0x22, 0x22  
    0x00C5 :  JBS   0x03, 2     
    0x00C6 :  JMP   0x0CC       
D:\外接项目\义隆单片机\Charger\Charger_301\user_ad.h (line 69)
  ;pwm2_init();
    0x00C7 :  CALL  0x13B       
D:\外接项目\义隆单片机\Charger\Charger_301\user_ad.h (line 70)
  ;flag_pwm = 1;
    0x00C8 :  MOV   A, @0x01    
    0x00C9 :  BANK  @0x0        
    0x00CA :  MOV   0x22, A     
    0x00CB :  JMP   0x0CD       
D:\外接项目\义隆单片机\Charger\Charger_301\user_ad.h (line 74)
  ;pwm2_decrease();
    0x00CC :  CALL  0x156       
D:\外接项目\义隆单片机\Charger\Charger_301\user_ad.h (line 78)
  ;return result;
    0x00CD :  BANK  @0x0        
    0x00CE :  MOV   A, 0x29     
    0x00CF :  MOV   0x11, A     
    0x00D0 :  MOV   A, 0x2A     
    0x00D1 :  MOV   0x12, A     
D:\外接项目\义隆单片机\Charger\Charger_301\user_ad.h (line 79)
  ;}
    0x00D2 :  MOV   A, 0x2B     
    0x00D3 :  MOV   0x13, A     
    0x00D4 :  MOV   A, 0x2C     
    0x00D5 :  MOV   0x14, A     
    0x00D6 :  MOV   A, 0x2D     
    0x00D7 :  MOV   0x15, A     
    0x00D8 :  MOV   A, 0x2E     
    0x00D9 :  MOV   0x16, A     
    0x00DA :  RET               
    0x00DB :  MOV   A, 0x13     
    0x00DC :  BANK  @0x0        
    0x00DD :  MOV   0x23, A     
    0x00DE :  MOV   A, 0x14     
    0x00DF :  MOV   0x24, A     
    0x00E0 :  MOV   A, 0x15     
    0x00E1 :  MOV   0x25, A     
    0x00E2 :  MOV   A, 0x16     
    0x00E3 :  MOV   0x26, A     
D:\外接项目\义隆单片机\Charger\Charger_301\B16AD.c (line 277)
  ;switch(ch)
    0x00E4 :  MOV   A, 0x27     
    0x00E5 :  MOV   0x13, A     
    0x00E6 :  MOV   A, 0x13     
    0x00E7 :  XOR   A, @0x02    
    0x00E8 :  JBC   0x03, 2     
    0x00E9 :  JMP   0x0FB       
    0x00EA :  MOV   A, 0x13     
    0x00EB :  XOR   A, @0x03    
    0x00EC :  JBC   0x03, 2     
    0x00ED :  JMP   0x106       
    0x00EE :  MOV   A, 0x13     
    0x00EF :  XOR   A, @0x04    
    0x00F0 :  JBC   0x03, 2     
    0x00F1 :  JMP   0x111       
    0x00F2 :  MOV   A, 0x13     
    0x00F3 :  XOR   A, @0x05    
    0x00F4 :  JBC   0x03, 2     
    0x00F5 :  JMP   0x11C       
    0x00F6 :  MOV   A, 0x13     
    0x00F7 :  XOR   A, @0x06    
    0x00F8 :  JBC   0x03, 2     
    0x00F9 :  JMP   0x127       
    0x00FA :  JMP   0x131       
D:\外接项目\义隆单片机\Charger\Charger_301\B16AD.c (line 279)
  ;case 2: if(status==1)P55=1;
    0x00FB :  BANK  @0x0        
    0x00FC :  MOV   A, 0x28     
    0x00FD :  XOR   A, @0x01    
    0x00FE :  JBS   0x03, 2     
    0x00FF :  JMP   0x103       
D:\外接项目\义隆单片机\Charger\Charger_301\B16AD.c (line 279)
  ;case 2: if(status==1)P55=1;
    0x0100 :  BC    0x04, 7     
    0x0101 :  BS    0x05, 5     
    0x0102 :  JMP   0x131       
D:\外接项目\义隆单片机\Charger\Charger_301\B16AD.c (line 280)
  ;else P55=0;
    0x0103 :  BC    0x04, 7     
    0x0104 :  BC    0x05, 5     
D:\外接项目\义隆单片机\Charger\Charger_301\B16AD.c (line 281)
  ;break;
    0x0105 :  JMP   0x131       
D:\外接项目\义隆单片机\Charger\Charger_301\B16AD.c (line 283)
  ;case 3: if(status==1)P70=1;
    0x0106 :  BANK  @0x0        
    0x0107 :  MOV   A, 0x28     
    0x0108 :  XOR   A, @0x01    
    0x0109 :  JBS   0x03, 2     
    0x010A :  JMP   0x10E       
    0x010B :  BC    0x04, 7     
    0x010C :  BS    0x07, 0     
    0x010D :  JMP   0x131       
D:\外接项目\义隆单片机\Charger\Charger_301\B16AD.c (line 284)
  ;else P70=0;
    0x010E :  BC    0x04, 7     
    0x010F :  BC    0x07, 0     
D:\外接项目\义隆单片机\Charger\Charger_301\B16AD.c (line 285)
  ;break;
    0x0110 :  JMP   0x131       
D:\外接项目\义隆单片机\Charger\Charger_301\B16AD.c (line 286)
  ;case 4: if(status==1)P71=1;
    0x0111 :  BANK  @0x0        
    0x0112 :  MOV   A, 0x28     
    0x0113 :  XOR   A, @0x01    
    0x0114 :  JBS   0x03, 2     
    0x0115 :  JMP   0x119       
    0x0116 :  BC    0x04, 7     
    0x0117 :  BS    0x07, 1     
    0x0118 :  JMP   0x131       
D:\外接项目\义隆单片机\Charger\Charger_301\B16AD.c (line 287)
  ;else P71=0;
    0x0119 :  BC    0x04, 7     
    0x011A :  BC    0x07, 1     
D:\外接项目\义隆单片机\Charger\Charger_301\B16AD.c (line 288)
  ;break;
    0x011B :  JMP   0x131       
D:\外接项目\义隆单片机\Charger\Charger_301\B16AD.c (line 290)
  ;case 5: if(status==1)P67=1;
    0x011C :  BANK  @0x0        
    0x011D :  MOV   A, 0x28     
    0x011E :  XOR   A, @0x01    
    0x011F :  JBS   0x03, 2     
    0x0120 :  JMP   0x124       
    0x0121 :  BC    0x04, 7     
    0x0122 :  BS    0x06, 7     
    0x0123 :  JMP   0x131       
D:\外接项目\义隆单片机\Charger\Charger_301\B16AD.c (line 291)
  ;else P67=0;
    0x0124 :  BC    0x04, 7     
    0x0125 :  BC    0x06, 7     
D:\外接项目\义隆单片机\Charger\Charger_301\B16AD.c (line 292)
  ;break;
    0x0126 :  JMP   0x131       
D:\外接项目\义隆单片机\Charger\Charger_301\B16AD.c (line 293)
  ;case 6: if(status==1)P51=1;
    0x0127 :  BANK  @0x0        
    0x0128 :  MOV   A, 0x28     
    0x0129 :  XOR   A, @0x01    
    0x012A :  JBS   0x03, 2     
    0x012B :  JMP   0x12F       
    0x012C :  BC    0x04, 7     
    0x012D :  BS    0x05, 1     
    0x012E :  JMP   0x131       
D:\外接项目\义隆单片机\Charger\Charger_301\B16AD.c (line 294)
  ;else P51=0;
    0x012F :  BC    0x04, 7     
    0x0130 :  BC    0x05, 1     
    0x0131 :  BANK  @0x0        
    0x0132 :  MOV   A, 0x23     
    0x0133 :  MOV   0x13, A     
    0x0134 :  MOV   A, 0x24     
    0x0135 :  MOV   0x14, A     
    0x0136 :  MOV   A, 0x25     
    0x0137 :  MOV   0x15, A     
    0x0138 :  MOV   A, 0x26     
    0x0139 :  MOV   0x16, A     
    0x013A :  RET               
    0x013B :  MOV   A, 0x13     
    0x013C :  BANK  @0x0        
    0x013D :  MOV   0x2F, A     
    0x013E :  MOV   A, 0x14     
    0x013F :  MOV   0x30, A     
    0x0140 :  MOV   A, 0x15     
    0x0141 :  MOV   0x31, A     
    0x0142 :  MOV   A, 0x16     
    0x0143 :  MOV   0x32, A     
D:\外接项目\义隆单片机\Charger\Charger_301\B16AD.c (line 22)
  ;PWMCON=0B00000010;
    0x0144 :  MOV   A, @0x02    
    0x0145 :  BS    0x04, 7     
    0x0146 :  MOV   0x07, A     
D:\外接项目\义隆单片机\Charger\Charger_301\B16AD.c (line 23)
  ;PRD2=0B11111111;
    0x0147 :  MOV   A, @0xFF    
    0x0148 :  MOV   0x0A, A     
D:\外接项目\义隆单片机\Charger\Charger_301\B16AD.c (line 24)
  ;DT2= 0B01111111;
    0x0149 :  MOV   A, @0x7F    
    0x014A :  MOV   0x0C, A     
D:\外接项目\义隆单片机\Charger\Charger_301\B16AD.c (line 25)
  ;TMRCON=0B10111000;
    0x014B :  MOV   A, @0xB8    
    0x014C :  MOV   0x08, A     
D:\外接项目\义隆单片机\Charger\Charger_301\B16AD.c (line 28)
  ;}
    0x014D :  MOV   A, 0x2F     
    0x014E :  MOV   0x13, A     
    0x014F :  MOV   A, 0x30     
    0x0150 :  MOV   0x14, A     
    0x0151 :  MOV   A, 0x31     
    0x0152 :  MOV   0x15, A     
    0x0153 :  MOV   A, 0x32     
    0x0154 :  MOV   0x16, A     
    0x0155 :  RET               
    0x0156 :  MOV   A, 0x13     
    0x0157 :  BANK  @0x0        
    0x0158 :  MOV   0x2F, A     
    0x0159 :  MOV   A, 0x14     
    0x015A :  MOV   0x30, A     
    0x015B :  MOV   A, 0x15     
    0x015C :  MOV   0x31, A     
    0x015D :  MOV   A, 0x16     
    0x015E :  MOV   0x32, A     
D:\外接项目\义隆单片机\Charger\Charger_301\B16AD.c (line 35)
  ;duty = duty -5;
    0x015F :  MOV   A, @0x05    
    0x0160 :  BANK  @0x1        
    0x0161 :  SUB   0x27, A     
D:\外接项目\义隆单片机\Charger\Charger_301\B16AD.c (line 36)
  ;DT2= duty;
    0x0162 :  MOV   A, 0x27     
    0x0163 :  BS    0x04, 7     
    0x0164 :  MOV   0x0C, A     
    0x0165 :  BANK  @0x0        
    0x0166 :  MOV   A, 0x2F     
    0x0167 :  MOV   0x13, A     
    0x0168 :  MOV   A, 0x30     
    0x0169 :  MOV   0x14, A     
    0x016A :  MOV   A, 0x31     
    0x016B :  MOV   0x15, A     
    0x016C :  MOV   A, 0x32     
    0x016D :  MOV   0x16, A     
    0x016E :  RET               
D:\外接项目\义隆单片机\Charger\Charger_301\user_system_initial.h (line 22)
  ;MOV   	A,@0X10
    0x016F :  MOV   A, @0x10    
D:\外接项目\义隆单片机\Charger\Charger_301\user_system_initial.h (line 23)
  ;MOV   	RSR,A
    0x0170 :  MOV   0x04, A     
D:\外接项目\义隆单片机\Charger\Charger_301\user_system_initial.h (line 25)
  ;CLR   	R0
    0x0171 :  CLR   0x00        
D:\外接项目\义隆单片机\Charger\Charger_301\user_system_initial.h (line 26)
  ;INC   	RSR
    0x0172 :  INC   0x04        
D:\外接项目\义隆单片机\Charger\Charger_301\user_system_initial.h (line 27)
  ;JBC   	RSR,6
    0x0173 :  JBC   0x04, 6     
D:\外接项目\义隆单片机\Charger\Charger_301\user_system_initial.h (line 28)
  ;BS    	RSR,5
    0x0174 :  BS    0x04, 5     
D:\外接项目\义隆单片机\Charger\Charger_301\user_system_initial.h (line 29)
  ;MOV		A,RSR
    0x0175 :  MOV   A, 0x04     
D:\外接项目\义隆单片机\Charger\Charger_301\user_system_initial.h (line 30)
  ;AND    	A,@0X7F
    0x0176 :  AND   A, @0x7F    
D:\外接项目\义隆单片机\Charger\Charger_301\user_system_initial.h (line 31)
  ;JBS		STATUS,2
    0x0177 :  JBS   0x03, 2     
D:\外接项目\义隆单片机\Charger\Charger_301\user_system_initial.h (line 32)
  ;JMP   	S_CLRLOOP
    0x0178 :  JMP   0x171       
D:\外接项目\义隆单片机\Charger\Charger_301\user_system_initial.h (line 34)
  ;}
    0x0179 :  RET               
D:\外接项目\义隆单片机\Charger\Charger_301\user_system_initial.h (line 6)
  ;SYS_CON=0B01101111;		//选择主频模式运行  clock = 4MHz
    0x017A :  MOV   A, @0x6F    
    0x017B :  BS    0x04, 7     
    0x017C :  MOV   0x0F, A     
D:\外接项目\义隆单片机\Charger\Charger_301\user_system_initial.h (line 7)
  ;IOC50=0B00000001;
    0x017D :  MOV   A, @0x01    
    0x017E :  BC    0x03, 6     
    0x017F :  IOW   0x5         
D:\外接项目\义隆单片机\Charger\Charger_301\user_system_initial.h (line 8)
  ;PORT5=0B00000000;
    0x0180 :  BC    0x04, 7     
    0x0181 :  CLR   0x05        
D:\外接项目\义隆单片机\Charger\Charger_301\user_system_initial.h (line 9)
  ;IOC60=0B00000000;
    0x0182 :  MOV   A, @0x00    
    0x0183 :  IOW   0x6         
D:\外接项目\义隆单片机\Charger\Charger_301\user_system_initial.h (line 10)
  ;PORT6=0B00000000;
    0x0184 :  CLR   0x06        
D:\外接项目\义隆单片机\Charger\Charger_301\user_system_initial.h (line 11)
  ;IOC70=0B00000000;
    0x0185 :  MOV   A, @0x00    
    0x0186 :  IOW   0x7         
D:\外接项目\义隆单片机\Charger\Charger_301\user_system_initial.h (line 12)
  ;PORT7=0B00000000;
    0x0187 :  CLR   0x07        
D:\外接项目\义隆单片机\Charger\Charger_301\user_system_initial.h (line 13)
  ;}
    0x0188 :  RET               
D:\外接项目\义隆单片机\Charger\Charger_301\user_tcc.h (line 8)
  ;_asm{mov a,@0b00001110
    0x0189 :  MOV   A, @0x0E    
D:\外接项目\义隆单片机\Charger\Charger_301\user_tcc.h (line 9)
  ;contw					//tcc 分频器，分频128
    0x018A :  CONTW             
D:\外接项目\义隆单片机\Charger\Charger_301\user_tcc.h (line 11)
  ;TCC=0;
    0x018B :  CLR   0x01        
D:\外接项目\义隆单片机\Charger\Charger_301\user_tcc.h (line 12)
  ;RF=RF&0B11111110;		//清除TCC中断标志
    0x018C :  MOV   A, @0xFE    
    0x018D :  BC    0x04, 7     
    0x018E :  AND   0x0F, A     
D:\外接项目\义隆单片机\Charger\Charger_301\user_tcc.h (line 14)
  ;IOCF0|=0B00000001;		//允许TCC中断
    0x018F :  BC    0x03, 6     
    0x0190 :  IOR   0xF         
    0x0191 :  OR    A, @0x01    
    0x0192 :  IOW   0xF         
D:\外接项目\义隆单片机\Charger\Charger_301\user_tcc.h (line 15)
  ;TCC=6;
    0x0193 :  MOV   A, @0x06    
    0x0194 :  MOV   0x01, A     
    0x0195 :  RET               
D:\外接项目\义隆单片机\Charger\Charger_301\B16AD.c (line 262)
  ;SYS_CON=0B01101111;		//选择主频模式运行
    0x0196 :  MOV   A, @0x6F    
    0x0197 :  BS    0x04, 7     
    0x0198 :  MOV   0x0F, A     
D:\外接项目\义隆单片机\Charger\Charger_301\B16AD.c (line 263)
  ;IOC50=0B00000001;
    0x0199 :  MOV   A, @0x01    
    0x019A :  BC    0x03, 6     
    0x019B :  IOW   0x5         
D:\外接项目\义隆单片机\Charger\Charger_301\B16AD.c (line 264)
  ;PORT5=0B00000000;
    0x019C :  BC    0x04, 7     
    0x019D :  CLR   0x05        
D:\外接项目\义隆单片机\Charger\Charger_301\B16AD.c (line 265)
  ;IOC60=0B00000000;
    0x019E :  MOV   A, @0x00    
    0x019F :  IOW   0x6         
D:\外接项目\义隆单片机\Charger\Charger_301\B16AD.c (line 266)
  ;PORT6=0B00000000;
    0x01A0 :  CLR   0x06        
D:\外接项目\义隆单片机\Charger\Charger_301\B16AD.c (line 267)
  ;IOC70=0B00000000;
    0x01A1 :  MOV   A, @0x00    
    0x01A2 :  IOW   0x7         
D:\外接项目\义隆单片机\Charger\Charger_301\B16AD.c (line 268)
  ;PORT7=0B00000000;
    0x01A3 :  CLR   0x07        
D:\外接项目\义隆单片机\Charger\Charger_301\B16AD.c (line 270)
  ;}
    0x01A4 :  RET               
D:\外接项目\义隆单片机\Charger\Charger_301\B16AD.c (line 75)
  ;IO_H_L(2,0);
    0x01A5 :  MOV   A, @0x00    
    0x01A6 :  BANK  @0x0        
    0x01A7 :  MOV   0x28, A     
    0x01A8 :  MOV   A, @0x02    
    0x01A9 :  MOV   0x27, A     
    0x01AA :  CALL  0x0DB       
D:\外接项目\义隆单片机\Charger\Charger_301\B16AD.c (line 76)
  ;IO_H_L(3,0);
    0x01AB :  MOV   A, @0x00    
    0x01AC :  BANK  @0x0        
    0x01AD :  MOV   0x28, A     
    0x01AE :  MOV   A, @0x03    
    0x01AF :  MOV   0x27, A     
    0x01B0 :  CALL  0x0DB       
D:\外接项目\义隆单片机\Charger\Charger_301\B16AD.c (line 77)
  ;IO_H_L(4,0);//floating
    0x01B1 :  MOV   A, @0x00    
    0x01B2 :  BANK  @0x0        
    0x01B3 :  MOV   0x28, A     
    0x01B4 :  MOV   A, @0x04    
    0x01B5 :  MOV   0x27, A     
    0x01B6 :  CALL  0x0DB       
D:\外接项目\义隆单片机\Charger\Charger_301\B16AD.c (line 78)
  ;IO_H_L(5,0);
    0x01B7 :  MOV   A, @0x00    
    0x01B8 :  BANK  @0x0        
    0x01B9 :  MOV   0x28, A     
    0x01BA :  MOV   A, @0x05    
    0x01BB :  MOV   0x27, A     
    0x01BC :  CALL  0x0DB       
D:\外接项目\义隆单片机\Charger\Charger_301\B16AD.c (line 79)
  ;IO_H_L(6,1);
    0x01BD :  MOV   A, @0x01    
    0x01BE :  BANK  @0x0        
    0x01BF :  MOV   0x28, A     
    0x01C0 :  MOV   A, @0x06    
    0x01C1 :  MOV   0x27, A     
    0x01C2 :  CALL  0x0DB       
D:\外接项目\义隆单片机\Charger\Charger_301\B16AD.c (line 81)
  ;}
    0x01C3 :  RET               
D:\外接项目\义隆单片机\Charger\Charger_301\user_ad.h (line 44)
  ;AISR=0B00000001;		//enable p50 ad
    0x01C4 :  MOV   A, @0x01    
    0x01C5 :  BC    0x04, 7     
    0x01C6 :  MOV   0x08, A     
D:\外接项目\义隆单片机\Charger\Charger_301\user_ad.h (line 45)
  ;ADCON=0B00001000;		//使能AD 非省电模式 by howie
    0x01C7 :  MOV   A, @0x08    
    0x01C8 :  MOV   0x09, A     
D:\外接项目\义隆单片机\Charger\Charger_301\user_ad.h (line 46)
  ;ADOC=0B00000110;		//参考电压2V
    0x01C9 :  MOV   A, @0x06    
    0x01CA :  MOV   0x0A, A     
D:\外接项目\义隆单片机\Charger\Charger_301\user_ad.h (line 48)
  ;ADRUN=1;                //bit4 ADC开始转换
    0x01CB :  BS    0x09, 4     
D:\外接项目\义隆单片机\Charger\Charger_301\user_ad.h (line 49)
  ;IOCE0|=0B00100000;		//允许AD中断
    0x01CC :  BC    0x03, 6     
    0x01CD :  IOR   0xE         
    0x01CE :  OR    A, @0x20    
    0x01CF :  IOW   0xE         
D:\外接项目\义隆单片机\Charger\Charger_301\user_ad.h (line 50)
  ;}
    0x01D0 :  RET               
D:\外接项目\义隆单片机\Charger\Charger_301\B16AD.c (line 88)
  ;if(adc_value<=ADC_010V)
    0x01D1 :  BANK  @0x1        
    0x01D2 :  MOV   A, 0x26     
    0x01D3 :  XOR   A, @0x80    
    0x01D4 :  SUB   A, @0x8D    
    0x01D5 :  JBS   0x03, 0     
    0x01D6 :  JMP   0x1D9       
D:\外接项目\义隆单片机\Charger\Charger_301\B16AD.c (line 90)
  ;charger_half_hour_last();
    0x01D7 :  CALL  0x1EB       
    0x01D8 :  JMP   0x1EA       
D:\外接项目\义隆单片机\Charger\Charger_301\B16AD.c (line 92)
  ;else if(adc_value<=ADC_015V)
    0x01D9 :  BANK  @0x1        
    0x01DA :  MOV   A, 0x26     
    0x01DB :  XOR   A, @0x80    
    0x01DC :  SUB   A, @0x93    
    0x01DD :  JBS   0x03, 0     
    0x01DE :  JMP   0x1E1       
D:\外接项目\义隆单片机\Charger\Charger_301\B16AD.c (line 95)
  ;charger_half_hour();
    0x01DF :  CALL  0x246       
    0x01E0 :  JMP   0x1EA       
D:\外接项目\义隆单片机\Charger\Charger_301\B16AD.c (line 97)
  ;else if(adc_value<=ADC_020V)
    0x01E1 :  BANK  @0x1        
    0x01E2 :  MOV   A, 0x26     
    0x01E3 :  XOR   A, @0x80    
    0x01E4 :  SUB   A, @0x9A    
    0x01E5 :  JBS   0x03, 0     
    0x01E6 :  JMP   0x1E9       
D:\外接项目\义隆单片机\Charger\Charger_301\B16AD.c (line 100)
  ;charger_half_hour();
    0x01E7 :  CALL  0x246       
    0x01E8 :  JMP   0x1EA       
D:\外接项目\义隆单片机\Charger\Charger_301\B16AD.c (line 105)
  ;charger_eight_hours();
    0x01E9 :  CALL  0x27A       
D:\外接项目\义隆单片机\Charger\Charger_301\B16AD.c (line 107)
  ;}
    0x01EA :  RET               
D:\外接项目\义隆单片机\Charger\Charger_301\B16AD.c (line 167)
  ;char exit_this = 0;
    0x01EB :  BANK  @0x1        
    0x01EC :  CLR   0x29        
D:\外接项目\义隆单片机\Charger\Charger_301\B16AD.c (line 168)
  ;timeout = 0;//半小时等于1800秒
    0x01ED :  CLR   0x25        
    0x01EE :  CLR   0x24        
    0x01EF :  JMP   0x213       
D:\外接项目\义隆单片机\Charger\Charger_301\B16AD.c (line 171)
  ;if(timeout >= 1800)//时间到了,一小时等于1800秒
    0x01F0 :  MOV   A, @0x07    
    0x01F1 :  BANK  @0x1        
    0x01F2 :  SUB   A, 0x25     
    0x01F3 :  JBS   0x03, 2     
    0x01F4 :  JMP   0x1F7       
    0x01F5 :  MOV   A, @0x08    
    0x01F6 :  SUB   A, 0x24     
    0x01F7 :  JBS   0x03, 0     
    0x01F8 :  JMP   0x1FB       
D:\外接项目\义隆单片机\Charger\Charger_301\B16AD.c (line 173)
  ;charger_floating_an_hour();
    0x01F9 :  CALL  0x215       
D:\外接项目\义隆单片机\Charger\Charger_301\B16AD.c (line 174)
  ;break;
    0x01FA :  JMP   0x214       
D:\外接项目\义隆单片机\Charger\Charger_301\B16AD.c (line 177)
  ;IO_H_L(2,1);
    0x01FB :  MOV   A, @0x01    
    0x01FC :  BANK  @0x0        
    0x01FD :  MOV   0x28, A     
    0x01FE :  MOV   A, @0x02    
    0x01FF :  MOV   0x27, A     
    0x0200 :  CALL  0x0DB       
D:\外接项目\义隆单片机\Charger\Charger_301\B16AD.c (line 178)
  ;IO_H_L(3,0);
    0x0201 :  MOV   A, @0x00    
    0x0202 :  BANK  @0x0        
    0x0203 :  MOV   0x28, A     
    0x0204 :  MOV   A, @0x03    
    0x0205 :  MOV   0x27, A     
    0x0206 :  CALL  0x0DB       
D:\外接项目\义隆单片机\Charger\Charger_301\B16AD.c (line 179)
  ;IO_H_L(4,0);
    0x0207 :  MOV   A, @0x00    
    0x0208 :  BANK  @0x0        
    0x0209 :  MOV   0x28, A     
    0x020A :  MOV   A, @0x04    
    0x020B :  MOV   0x27, A     
    0x020C :  CALL  0x0DB       
D:\外接项目\义隆单片机\Charger\Charger_301\B16AD.c (line 180)
  ;IO_H_L(5,1);
    0x020D :  MOV   A, @0x01    
    0x020E :  BANK  @0x0        
    0x020F :  MOV   0x28, A     
    0x0210 :  MOV   A, @0x05    
    0x0211 :  MOV   0x27, A     
    0x0212 :  CALL  0x0DB       
D:\外接项目\义隆单片机\Charger\Charger_301\B16AD.c (line 169)
  ;while(1)
    0x0213 :  JMP   0x1F0       
D:\外接项目\义隆单片机\Charger\Charger_301\B16AD.c (line 183)
  ;}
    0x0214 :  RET               
D:\外接项目\义隆单片机\Charger\Charger_301\B16AD.c (line 218)
  ;timeout = 0;//一小时等于3600秒
    0x0215 :  BANK  @0x1        
    0x0216 :  CLR   0x25        
    0x0217 :  CLR   0x24        
    0x0218 :  JMP   0x244       
D:\外接项目\义隆单片机\Charger\Charger_301\B16AD.c (line 222)
  ;if(adc_value>ADC_004V)
    0x0219 :  BANK  @0x1        
    0x021A :  MOV   A, 0x26     
    0x021B :  XOR   A, @0x80    
    0x021C :  SUB   A, @0x85    
    0x021D :  JBC   0x03, 0     
    0x021E :  JMP   0x225       
D:\外接项目\义隆单片机\Charger\Charger_301\B16AD.c (line 224)
  ;IO_H_L(5,1);
    0x021F :  MOV   A, @0x01    
    0x0220 :  BANK  @0x0        
    0x0221 :  MOV   0x28, A     
    0x0222 :  MOV   A, @0x05    
    0x0223 :  MOV   0x27, A     
    0x0224 :  CALL  0x0DB       
D:\外接项目\义隆单片机\Charger\Charger_301\B16AD.c (line 226)
  ;if(adc_value<=ADC_004V)
    0x0225 :  BANK  @0x1        
    0x0226 :  MOV   A, 0x26     
    0x0227 :  XOR   A, @0x80    
    0x0228 :  SUB   A, @0x85    
    0x0229 :  JBS   0x03, 0     
    0x022A :  JMP   0x235       
D:\外接项目\义隆单片机\Charger\Charger_301\B16AD.c (line 228)
  ;IO_H_L(5,0);
    0x022B :  MOV   A, @0x00    
    0x022C :  BANK  @0x0        
    0x022D :  MOV   0x28, A     
    0x022E :  MOV   A, @0x05    
    0x022F :  MOV   0x27, A     
    0x0230 :  CALL  0x0DB       
D:\外接项目\义隆单片机\Charger\Charger_301\B16AD.c (line 230)
  ;IOC50|=0B00100000;//setting P55 floating 设置2脚浮空
    0x0231 :  BC    0x03, 6     
    0x0232 :  IOR   0x5         
    0x0233 :  OR    A, @0x20    
    0x0234 :  IOW   0x5         
D:\外接项目\义隆单片机\Charger\Charger_301\B16AD.c (line 233)
  ;if(timeout >=3600)
    0x0235 :  MOV   A, @0x0E    
    0x0236 :  BANK  @0x1        
    0x0237 :  SUB   A, 0x25     
    0x0238 :  JBS   0x03, 2     
    0x0239 :  JMP   0x23C       
    0x023A :  MOV   A, @0x10    
    0x023B :  SUB   A, 0x24     
    0x023C :  JBS   0x03, 0     
    0x023D :  JMP   0x244       
D:\外接项目\义隆单片机\Charger\Charger_301\B16AD.c (line 236)
  ;IO_H_L(3,1);
    0x023E :  MOV   A, @0x01    
    0x023F :  BANK  @0x0        
    0x0240 :  MOV   0x28, A     
    0x0241 :  MOV   A, @0x03    
    0x0242 :  MOV   0x27, A     
    0x0243 :  CALL  0x0DB       
D:\外接项目\义隆单片机\Charger\Charger_301\B16AD.c (line 219)
  ;while(1)
    0x0244 :  JMP   0x219       
D:\外接项目\义隆单片机\Charger\Charger_301\B16AD.c (line 240)
  ;}
    0x0245 :  RET               
D:\外接项目\义隆单片机\Charger\Charger_301\B16AD.c (line 141)
  ;char exit_this = 0;
    0x0246 :  BANK  @0x1        
    0x0247 :  CLR   0x28        
D:\外接项目\义隆单片机\Charger\Charger_301\B16AD.c (line 142)
  ;timeout = 0;//半小时等于1800秒
    0x0248 :  CLR   0x25        
    0x0249 :  CLR   0x24        
    0x024A :  JMP   0x277       
D:\外接项目\义隆单片机\Charger\Charger_301\B16AD.c (line 145)
  ;if(adc_value < ADC_010V)
    0x024B :  MOV   A, @0x80    
    0x024C :  BANK  @0x1        
    0x024D :  XOR   A, 0x26     
    0x024E :  MOV   0x17, A     
    0x024F :  MOV   A, @0x8D    
    0x0250 :  SUB   A, 0x17     
    0x0251 :  JBC   0x03, 0     
    0x0252 :  JMP   0x255       
D:\外接项目\义隆单片机\Charger\Charger_301\B16AD.c (line 148)
  ;exit_this = 1;
    0x0253 :  MOV   A, @0x01    
    0x0254 :  MOV   0x28, A     
D:\外接项目\义隆单片机\Charger\Charger_301\B16AD.c (line 150)
  ;if(timeout >= 1800)//时间到了,一小时等于1800秒
    0x0255 :  MOV   A, @0x07    
    0x0256 :  BANK  @0x1        
    0x0257 :  SUB   A, 0x25     
    0x0258 :  JBS   0x03, 2     
    0x0259 :  JMP   0x25C       
    0x025A :  MOV   A, @0x08    
    0x025B :  SUB   A, 0x24     
    0x025C :  JBS   0x03, 0     
    0x025D :  JMP   0x25F       
D:\外接项目\义隆单片机\Charger\Charger_301\B16AD.c (line 152)
  ;charger_floating_an_hour();
    0x025E :  CALL  0x215       
D:\外接项目\义隆单片机\Charger\Charger_301\B16AD.c (line 155)
  ;IO_H_L(2,1);
    0x025F :  MOV   A, @0x01    
    0x0260 :  BANK  @0x0        
    0x0261 :  MOV   0x28, A     
    0x0262 :  MOV   A, @0x02    
    0x0263 :  MOV   0x27, A     
    0x0264 :  CALL  0x0DB       
D:\外接项目\义隆单片机\Charger\Charger_301\B16AD.c (line 156)
  ;IO_H_L(3,0);
    0x0265 :  MOV   A, @0x00    
    0x0266 :  BANK  @0x0        
    0x0267 :  MOV   0x28, A     
    0x0268 :  MOV   A, @0x03    
    0x0269 :  MOV   0x27, A     
    0x026A :  CALL  0x0DB       
D:\外接项目\义隆单片机\Charger\Charger_301\B16AD.c (line 157)
  ;IO_H_L(4,0);
    0x026B :  MOV   A, @0x00    
    0x026C :  BANK  @0x0        
    0x026D :  MOV   0x28, A     
    0x026E :  MOV   A, @0x04    
    0x026F :  MOV   0x27, A     
    0x0270 :  CALL  0x0DB       
D:\外接项目\义隆单片机\Charger\Charger_301\B16AD.c (line 158)
  ;IO_H_L(5,1);
    0x0271 :  MOV   A, @0x01    
    0x0272 :  BANK  @0x0        
    0x0273 :  MOV   0x28, A     
    0x0274 :  MOV   A, @0x05    
    0x0275 :  MOV   0x27, A     
    0x0276 :  CALL  0x0DB       
D:\外接项目\义隆单片机\Charger\Charger_301\B16AD.c (line 143)
  ;while(1)
    0x0277 :  JMP   0x24B       
D:\外接项目\义隆单片机\Charger\Charger_301\B16AD.c (line 160)
  ;charger_half_hour_last();
    0x0278 :  CALL  0x1EB       
D:\外接项目\义隆单片机\Charger\Charger_301\B16AD.c (line 161)
  ;}
    0x0279 :  RET               
D:\外接项目\义隆单片机\Charger\Charger_301\B16AD.c (line 189)
  ;char exit_this = 0;
    0x027A :  BANK  @0x1        
    0x027B :  CLR   0x2A        
D:\外接项目\义隆单片机\Charger\Charger_301\B16AD.c (line 190)
  ;timeout = 0;//一小时等于3600秒
    0x027C :  CLR   0x25        
    0x027D :  CLR   0x24        
    0x027E :  JMP   0x2B4       
D:\外接项目\义隆单片机\Charger\Charger_301\B16AD.c (line 193)
  ;if(adc_value < ADC_020V)
    0x027F :  MOV   A, @0x80    
    0x0280 :  BANK  @0x1        
    0x0281 :  XOR   A, 0x26     
    0x0282 :  MOV   0x17, A     
    0x0283 :  MOV   A, @0x9A    
    0x0284 :  SUB   A, 0x17     
    0x0285 :  JBC   0x03, 0     
    0x0286 :  JMP   0x292       
D:\外接项目\义隆单片机\Charger\Charger_301\B16AD.c (line 196)
  ;exit_this = 1;
    0x0287 :  MOV   A, @0x01    
    0x0288 :  MOV   0x2A, A     
D:\外接项目\义隆单片机\Charger\Charger_301\B16AD.c (line 197)
  ;PWMCON=0B00000000;
    0x0289 :  BS    0x04, 7     
    0x028A :  CLR   0x07        
D:\外接项目\义隆单片机\Charger\Charger_301\B16AD.c (line 198)
  ;IO_H_L(6,1);
    0x028B :  MOV   A, @0x01    
    0x028C :  BANK  @0x0        
    0x028D :  MOV   0x28, A     
    0x028E :  MOV   A, @0x06    
    0x028F :  MOV   0x27, A     
    0x0290 :  CALL  0x0DB       
D:\外接项目\义隆单片机\Charger\Charger_301\B16AD.c (line 199)
  ;break;
    0x0291 :  JMP   0x2B5       
D:\外接项目\义隆单片机\Charger\Charger_301\B16AD.c (line 202)
  ;if(timeout >= 3600*8)//时间到了,一小时等于3600秒
    0x0292 :  MOV   A, @0x70    
    0x0293 :  BANK  @0x1        
    0x0294 :  SUB   A, 0x25     
    0x0295 :  JBS   0x03, 2     
    0x0296 :  JMP   0x299       
    0x0297 :  MOV   A, @0x80    
    0x0298 :  SUB   A, 0x24     
    0x0299 :  JBS   0x03, 0     
    0x029A :  JMP   0x29C       
D:\外接项目\义隆单片机\Charger\Charger_301\B16AD.c (line 204)
  ;charger_floating_an_hour();
    0x029B :  CALL  0x215       
D:\外接项目\义隆单片机\Charger\Charger_301\B16AD.c (line 207)
  ;IO_H_L(2,1);
    0x029C :  MOV   A, @0x01    
    0x029D :  BANK  @0x0        
    0x029E :  MOV   0x28, A     
    0x029F :  MOV   A, @0x02    
    0x02A0 :  MOV   0x27, A     
    0x02A1 :  CALL  0x0DB       
D:\外接项目\义隆单片机\Charger\Charger_301\B16AD.c (line 208)
  ;IO_H_L(3,0);
    0x02A2 :  MOV   A, @0x00    
    0x02A3 :  BANK  @0x0        
    0x02A4 :  MOV   0x28, A     
    0x02A5 :  MOV   A, @0x03    
    0x02A6 :  MOV   0x27, A     
    0x02A7 :  CALL  0x0DB       
D:\外接项目\义隆单片机\Charger\Charger_301\B16AD.c (line 209)
  ;IO_H_L(4,0);
    0x02A8 :  MOV   A, @0x00    
    0x02A9 :  BANK  @0x0        
    0x02AA :  MOV   0x28, A     
    0x02AB :  MOV   A, @0x04    
    0x02AC :  MOV   0x27, A     
    0x02AD :  CALL  0x0DB       
D:\外接项目\义隆单片机\Charger\Charger_301\B16AD.c (line 210)
  ;IO_H_L(5,1);
    0x02AE :  MOV   A, @0x01    
    0x02AF :  BANK  @0x0        
    0x02B0 :  MOV   0x28, A     
    0x02B1 :  MOV   A, @0x05    
    0x02B2 :  MOV   0x27, A     
    0x02B3 :  CALL  0x0DB       
D:\外接项目\义隆单片机\Charger\Charger_301\B16AD.c (line 191)
  ;while(1)
    0x02B4 :  JMP   0x27F       
D:\外接项目\义隆单片机\Charger\Charger_301\B16AD.c (line 212)
  ;charger_half_hour();
    0x02B5 :  CALL  0x246       
D:\外接项目\义隆单片机\Charger\Charger_301\B16AD.c (line 214)
  ;}
    0x02B6 :  RET               
