*************************************
------------- Call Depth ------------
 Depth  Interrupt    Function
-------------------------------------
    0        N         ProgramStart
    1        Y           _TCC_l
    1        Y           _ALLInt
C   2        Y             _timeout_handle
C   3        Y               _ad_enable
C   2        Y             _ad_read
C   3        Y               _IO_H_L
C   3        Y               _IO_H_L
    1        Y           _ADC_l
    1        Y           _ALLInt
C   2        Y             _timeout_handle
C   3        Y               _ad_enable
C   2        Y             _ad_read
C   3        Y               _IO_H_L
C   3        Y               _IO_H_L
    0        N         _main
C   1        N           _clear_all_ram
C   1        N           _system_initial
C   1        N           _time_tcc_pro
C   1        N           _io_init
C   1        N           _b16ad_init
C   2        N             _IO_H_L
C   2        N             _IO_H_L
C   2        N             _IO_H_L
C   2        N             _IO_H_L
C   2        N             _IO_H_L
C   1        N           _ad_init
C   1        N           _b16ad_init
C   2        N             _IO_H_L
C   2        N             _IO_H_L
C   2        N             _IO_H_L
C   2        N             _IO_H_L
C   2        N             _IO_H_L
C   1        N           _Charger
C   2        N             _charger_half_hour_last
C   3        N               _charger_floating_an_hour
C   4        N                 _IO_H_L
C   4        N                 _IO_H_L
C   4        N                 _IO_H_L
C   3        N               _IO_H_L
C   3        N               _IO_H_L
C   3        N               _IO_H_L
C   3        N               _IO_H_L
C   2        N             _charger_half_hour
C   3        N               _charger_floating_an_hour
C   4        N                 _IO_H_L
C   4        N                 _IO_H_L
C   4        N                 _IO_H_L
C   3        N               _IO_H_L
C   3        N               _IO_H_L
C   3        N               _IO_H_L
C   3        N               _IO_H_L
C   3        N               _charger_half_hour_last
C   4        N                 _charger_floating_an_hour
C   5        N                   _IO_H_L
C   5        N                   _IO_H_L
C   5        N                   _IO_H_L
C   4        N                 _IO_H_L
C   4        N                 _IO_H_L
C   4        N                 _IO_H_L
C   4        N                 _IO_H_L
C   2        N             _charger_half_hour
C   3        N               _charger_floating_an_hour
C   4        N                 _IO_H_L
C   4        N                 _IO_H_L
C   4        N                 _IO_H_L
C   3        N               _IO_H_L
C   3        N               _IO_H_L
C   3        N               _IO_H_L
C   3        N               _IO_H_L
C   3        N               _charger_half_hour_last
C   4        N                 _charger_floating_an_hour
C   5        N                   _IO_H_L
C   5        N                   _IO_H_L
C   5        N                   _IO_H_L
C   4        N                 _IO_H_L
C   4        N                 _IO_H_L
C   4        N                 _IO_H_L
C   4        N                 _IO_H_L
C   2        N             _charger_eight_hours
C   3        N               _charger_floating_an_hour
C   4        N                 _IO_H_L
C   4        N                 _IO_H_L
C   4        N                 _IO_H_L
C   3        N               _IO_H_L
C   3        N               _IO_H_L
C   3        N               _IO_H_L
C   3        N               _IO_H_L
C   3        N               _charger_half_hour
C   4        N                 _charger_floating_an_hour
C   5        N                   _IO_H_L
C   5        N                   _IO_H_L
C   5        N                   _IO_H_L
C   4        N                 _IO_H_L
C   4        N                 _IO_H_L
C   4        N                 _IO_H_L
C   4        N                 _IO_H_L
C   4        N                 _charger_half_hour_last
C   5        N                   _charger_floating_an_hour
C   6        N                     _IO_H_L
C   6        N                     _IO_H_L
C   6        N                     _IO_H_L
C   5        N                   _IO_H_L
C   5        N                   _IO_H_L
C   5        N                   _IO_H_L
C   5        N                   _IO_H_L
-------------------------------------
Stack Depth: 6
****************************************
------------- Free ROM Size ------------
Start=0X1    , End=0X8    , Size=8
Start=0XB    , End=0XB    , Size=1
Start=0X265  , End=0X3FF  , Size=411
----------------------------------------
EM78P301N       |        ROM Size        
----------------+-----------------------
Total           |  1024 x 13 bits(100.0%)
Used            |   604 x 13 bits( 59.0%)
Free            |   420 x 13 bits( 41.0%)
----------------------------------------
*************************************
-------------- Data Map -------------
d -- Uninitialized data
D -- Initialized data
b -- Uninitialized bit data
B -- Initialized bit data
C -- C Register
-------------- RAM Data -------------
0x00  - - - - - - - - - - - - - - - - 
0x10  - - - - - - - - - - - - - - - - 
0x20  b D d d d d d d d d d d d d d d 
0x30  d d d d d d d d d d d d d d d d 
0x40  d D D D D d d d d C - - - - - - 
0x50  - - - - - - - - - - - - - - - - 
----------- Register Data -----------
0x00  d d d b d b b b d b b d d d b b 
0x10  d C C C C C C C - - - - - - - - 
0x20  - - - - - d d d d d d d d d d d 
-------------- IO Data --------------
0x00  - - - - - d d d d d d d d d d d 
0x10  - - - - - d d d d - - - - - - d 
****************************************
--------------- ROM Code ---------------
    0x0000 :  JMP   0x031       
    0x0001 :  ADD   A, @0xFF    
    0x0002 :  ADD   A, @0xFF    
    0x0003 :  ADD   A, @0xFF    
    0x0004 :  ADD   A, @0xFF    
    0x0005 :  ADD   A, @0xFF    
    0x0006 :  ADD   A, @0xFF    
    0x0007 :  ADD   A, @0xFF    
    0x0008 :  ADD   A, @0xFF    
D:\外接项目\义隆单片机\Charger\Charger_301\interrupt_vector.h (line 85)
  ;_asm{MOV A,0x2};
    0x0009 :  MOV   A, 0x02     
D:\外接项目\义隆单片机\Charger\Charger_301\interrupt_vector.h (line 86)
  ;}
    0x000A :  JMP   0x00E       
    0x000B :  ADD   A, @0xFF    
D:\外接项目\义隆单片机\Charger\Charger_301\interrupt_vector.h (line 90)
  ;_asm{MOV A,0x2};
    0x000C :  MOV   A, 0x02     
    0x000D :  JMP   0x00E       
D:\外接项目\义隆单片机\Charger\Charger_301\interrupt_vector.h (line 53)
  ;switch(IntVecIdx)
    0x000E :  MOV   0x10, A     
    0x000F :  BANK  @0x1        
    0x0010 :  MOV   A, 0x17     
    0x0011 :  MOV   0x29, A     
    0x0012 :  MOV   A, 0x10     
    0x0013 :  MOV   0x13, A     
    0x0014 :  MOV   A, 0x13     
    0x0015 :  XOR   A, @0x0A    
    0x0016 :  JBC   0x03, 2     
    0x0017 :  JMP   0x01D       
    0x0018 :  MOV   A, 0x13     
    0x0019 :  XOR   A, @0x0D    
    0x001A :  JBC   0x03, 2     
    0x001B :  JMP   0x026       
    0x001C :  JMP   0x02D       
D:\外接项目\义隆单片机\Charger\Charger_301\interrupt_vector.h (line 57)
  ;second_count++;
    0x001D :  BANK  @0x1        
    0x001E :  INC   0x21        
D:\外接项目\义隆单片机\Charger\Charger_301\interrupt_vector.h (line 58)
  ;timeout_handle();
    0x001F :  CALL  0x053       
D:\外接项目\义隆单片机\Charger\Charger_301\interrupt_vector.h (line 59)
  ;RF &=~BIT0;		//清除TCC中断标志
    0x0020 :  MOV   A, @0xFE    
    0x0021 :  BC    0x04, 7     
    0x0022 :  AND   0x0F, A     
D:\外接项目\义隆单片机\Charger\Charger_301\interrupt_vector.h (line 60)
  ;TCC=6;
    0x0023 :  MOV   A, @0x06    
    0x0024 :  MOV   0x01, A     
D:\外接项目\义隆单片机\Charger\Charger_301\interrupt_vector.h (line 61)
  ;break;
    0x0025 :  JMP   0x02D       
D:\外接项目\义隆单片机\Charger\Charger_301\interrupt_vector.h (line 64)
  ;adc_value = ad_read();
    0x0026 :  CALL  0x087       
    0x0027 :  MOV   A, 0x11     
    0x0028 :  BANK  @0x1        
    0x0029 :  MOV   0x25, A     
D:\外接项目\义隆单片机\Charger\Charger_301\interrupt_vector.h (line 65)
  ;RE &=~BIT5;		//清除AD中断标志
    0x002A :  MOV   A, @0xDF    
    0x002B :  BC    0x04, 7     
    0x002C :  AND   0x0E, A     
D:\外接项目\义隆单片机\Charger\Charger_301\interrupt_vector.h (line 71)
  ;}
    0x002D :  BANK  @0x1        
    0x002E :  MOV   A, 0x29     
    0x002F :  MOV   0x17, A     
    0x0030 :  RETI              
D:\外接项目\义隆单片机\Charger\Charger_301\B16AD.c (line 42)
  ;clear_all_ram();		//clear ram
    0x0031 :  BANK  @0x0        
    0x0032 :  MOV   A, @0x00    
    0x0033 :  MOV   0x21, A     
    0x0034 :  BANK  @0x1        
    0x0035 :  MOV   0x21, A     
    0x0036 :  MOV   0x22, A     
    0x0037 :  MOV   0x23, A     
    0x0038 :  MOV   0x24, A     
    0x0039 :  CALL  0x125       
D:\外接项目\义隆单片机\Charger\Charger_301\B16AD.c (line 43)
  ;system_initial();		//system init
    0x003A :  CALL  0x130       
D:\外接项目\义隆单片机\Charger\Charger_301\B16AD.c (line 44)
  ;time_tcc_pro();			//8ms
    0x003B :  CALL  0x13F       
D:\外接项目\义隆单片机\Charger\Charger_301\B16AD.c (line 45)
  ;io_init(); 				//seems ok
    0x003C :  CALL  0x14C       
D:\外接项目\义隆单片机\Charger\Charger_301\B16AD.c (line 46)
  ;_asm{eni}  // enable global interrupt by howie
    0x003D :  ENI               
D:\外接项目\义隆单片机\Charger\Charger_301\B16AD.c (line 47)
  ;_asm{wdtc} //watch dog interrupt clear by howie，clear watch dog in while
    0x003E :  WDTC              
D:\外接项目\义隆单片机\Charger\Charger_301\B16AD.c (line 48)
  ;b16ad_init();
    0x003F :  CALL  0x15B       
D:\外接项目\义隆单片机\Charger\Charger_301\B16AD.c (line 49)
  ;ad_init(); 				// adc init by howie.
    0x0040 :  CALL  0x17A       
    0x0041 :  JMP   0x051       
D:\外接项目\义隆单片机\Charger\Charger_301\B16AD.c (line 56)
  ;IOC70|=0B00000010;//setting P71 floating 设置4脚浮空
    0x0042 :  BC    0x03, 6     
    0x0043 :  IOR   0x7         
    0x0044 :  OR    A, @0x02    
    0x0045 :  IOW   0x7         
D:\外接项目\义隆单片机\Charger\Charger_301\B16AD.c (line 57)
  ;b16ad_init();//输出初始化电平状态
    0x0046 :  CALL  0x15B       
D:\外接项目\义隆单片机\Charger\Charger_301\B16AD.c (line 58)
  ;if(adc_value >= ADC_004V)
    0x0047 :  MOV   A, @0x80    
    0x0048 :  BANK  @0x1        
    0x0049 :  XOR   A, 0x25     
    0x004A :  MOV   0x17, A     
    0x004B :  MOV   A, @0x85    
    0x004C :  SUB   A, 0x17     
    0x004D :  JBS   0x03, 0     
    0x004E :  JMP   0x050       
D:\外接项目\义隆单片机\Charger\Charger_301\B16AD.c (line 60)
  ;Charger();
    0x004F :  CALL  0x187       
D:\外接项目\义隆单片机\Charger\Charger_301\B16AD.c (line 54)
  ;while(1)
    0x0050 :  JMP   0x042       
D:\外接项目\义隆单片机\Charger\Charger_301\B16AD.c (line 52)
  ;while(1)
    0x0051 :  JMP   0x050       
D:\外接项目\义隆单片机\Charger\Charger_301\B16AD.c (line 64)
  ;}
    0x0052 :  RET               
    0x0053 :  MOV   A, 0x13     
    0x0054 :  BANK  @0x0        
    0x0055 :  MOV   0x28, A     
    0x0056 :  MOV   A, 0x14     
    0x0057 :  MOV   0x29, A     
    0x0058 :  MOV   A, 0x15     
    0x0059 :  MOV   0x2A, A     
    0x005A :  MOV   A, 0x16     
    0x005B :  MOV   0x2B, A     
D:\外接项目\义隆单片机\Charger\Charger_301\interrupt_vector.h (line 39)
  ;if(second_count >= 125)
    0x005C :  MOV   A, @0x80    
    0x005D :  BANK  @0x1        
    0x005E :  XOR   A, 0x21     
    0x005F :  MOV   0x17, A     
    0x0060 :  MOV   A, @0xFD    
    0x0061 :  SUB   A, 0x17     
    0x0062 :  JBS   0x03, 0     
    0x0063 :  JMP   0x069       
D:\外接项目\义隆单片机\Charger\Charger_301\interrupt_vector.h (line 41)
  ;second_count = 0;
    0x0064 :  CLR   0x21        
D:\外接项目\义隆单片机\Charger\Charger_301\interrupt_vector.h (line 42)
  ;timeout++;
    0x0065 :  INC   0x23        
    0x0066 :  JBC   0x03, 2     
    0x0067 :  INC   0x24        
D:\外接项目\义隆单片机\Charger\Charger_301\interrupt_vector.h (line 44)
  ;ad_enable();
    0x0068 :  CALL  0x073       
D:\外接项目\义隆单片机\Charger\Charger_301\interrupt_vector.h (line 48)
  ;}
    0x0069 :  BANK  @0x0        
    0x006A :  MOV   A, 0x28     
    0x006B :  MOV   0x13, A     
    0x006C :  MOV   A, 0x29     
    0x006D :  MOV   0x14, A     
    0x006E :  MOV   A, 0x2A     
    0x006F :  MOV   0x15, A     
    0x0070 :  MOV   A, 0x2B     
    0x0071 :  MOV   0x16, A     
    0x0072 :  RET               
    0x0073 :  MOV   A, 0x13     
    0x0074 :  BANK  @0x0        
    0x0075 :  MOV   0x2E, A     
    0x0076 :  MOV   A, 0x14     
    0x0077 :  MOV   0x2F, A     
    0x0078 :  MOV   A, 0x15     
    0x0079 :  MOV   0x30, A     
    0x007A :  MOV   A, 0x16     
    0x007B :  MOV   0x31, A     
D:\外接项目\义隆单片机\Charger\Charger_301\user_ad.h (line 65)
  ;ADRUN=1;
    0x007C :  BC    0x04, 7     
    0x007D :  BS    0x09, 4     
D:\外接项目\义隆单片机\Charger\Charger_301\user_ad.h (line 66)
  ;}
    0x007E :  MOV   A, 0x2E     
    0x007F :  MOV   0x13, A     
    0x0080 :  MOV   A, 0x2F     
    0x0081 :  MOV   0x14, A     
    0x0082 :  MOV   A, 0x30     
    0x0083 :  MOV   0x15, A     
    0x0084 :  MOV   A, 0x31     
    0x0085 :  MOV   0x16, A     
    0x0086 :  RET               
    0x0087 :  MOV   A, 0x13     
    0x0088 :  BANK  @0x0        
    0x0089 :  MOV   0x2A, A     
    0x008A :  MOV   A, 0x14     
    0x008B :  MOV   0x2B, A     
    0x008C :  MOV   A, 0x15     
    0x008D :  MOV   0x2C, A     
    0x008E :  MOV   A, 0x16     
    0x008F :  MOV   0x2D, A     
D:\外接项目\义隆单片机\Charger\Charger_301\user_ad.h (line 49)
  ;unsigned short result =0;
    0x0090 :  CLR   0x29        
    0x0091 :  CLR   0x28        
D:\外接项目\义隆单片机\Charger\Charger_301\user_ad.h (line 51)
  ;result = ADDATA;
    0x0092 :  BC    0x04, 7     
    0x0093 :  MOV   A, 0x0B     
    0x0094 :  MOV   0x13, A     
    0x0095 :  CLR   0x14        
    0x0096 :  MOV   A, 0x13     
    0x0097 :  MOV   0x28, A     
    0x0098 :  MOV   A, 0x14     
    0x0099 :  MOV   0x29, A     
D:\外接项目\义隆单片机\Charger\Charger_301\user_ad.h (line 52)
  ;if(result >= ADC_004V)
    0x009A :  MOV   A, @0x00    
    0x009B :  SUB   A, 0x29     
    0x009C :  JBS   0x03, 2     
    0x009D :  JMP   0x0A0       
    0x009E :  MOV   A, @0x05    
    0x009F :  SUB   A, 0x28     
    0x00A0 :  JBS   0x03, 0     
    0x00A1 :  JMP   0x0A8       
D:\外接项目\义隆单片机\Charger\Charger_301\user_ad.h (line 54)
  ;IO_H_L(5,1);
    0x00A2 :  MOV   A, @0x01    
    0x00A3 :  BANK  @0x0        
    0x00A4 :  MOV   0x27, A     
    0x00A5 :  MOV   A, @0x05    
    0x00A6 :  MOV   0x26, A     
    0x00A7 :  CALL  0x0C5       
D:\外接项目\义隆单片机\Charger\Charger_301\user_ad.h (line 56)
  ;if(result <ADC_004V )
    0x00A8 :  MOV   A, @0x00    
    0x00A9 :  BANK  @0x0        
    0x00AA :  SUB   A, 0x29     
    0x00AB :  JBS   0x03, 2     
    0x00AC :  JMP   0x0AF       
    0x00AD :  MOV   A, @0x05    
    0x00AE :  SUB   A, 0x28     
    0x00AF :  JBC   0x03, 0     
    0x00B0 :  JMP   0x0B7       
D:\外接项目\义隆单片机\Charger\Charger_301\user_ad.h (line 58)
  ;IO_H_L(5,0);
    0x00B1 :  MOV   A, @0x00    
    0x00B2 :  BANK  @0x0        
    0x00B3 :  MOV   0x27, A     
    0x00B4 :  MOV   A, @0x05    
    0x00B5 :  MOV   0x26, A     
    0x00B6 :  CALL  0x0C5       
D:\外接项目\义隆单片机\Charger\Charger_301\user_ad.h (line 60)
  ;return result;
    0x00B7 :  BANK  @0x0        
    0x00B8 :  MOV   A, 0x28     
    0x00B9 :  MOV   0x11, A     
    0x00BA :  MOV   A, 0x29     
    0x00BB :  MOV   0x12, A     
D:\外接项目\义隆单片机\Charger\Charger_301\user_ad.h (line 61)
  ;}
    0x00BC :  MOV   A, 0x2A     
    0x00BD :  MOV   0x13, A     
    0x00BE :  MOV   A, 0x2B     
    0x00BF :  MOV   0x14, A     
    0x00C0 :  MOV   A, 0x2C     
    0x00C1 :  MOV   0x15, A     
    0x00C2 :  MOV   A, 0x2D     
    0x00C3 :  MOV   0x16, A     
    0x00C4 :  RET               
    0x00C5 :  MOV   A, 0x13     
    0x00C6 :  BANK  @0x0        
    0x00C7 :  MOV   0x22, A     
    0x00C8 :  MOV   A, 0x14     
    0x00C9 :  MOV   0x23, A     
    0x00CA :  MOV   A, 0x15     
    0x00CB :  MOV   0x24, A     
    0x00CC :  MOV   A, 0x16     
    0x00CD :  MOV   0x25, A     
D:\外接项目\义隆单片机\Charger\Charger_301\B16AD.c (line 270)
  ;switch(ch)
    0x00CE :  MOV   A, 0x26     
    0x00CF :  MOV   0x13, A     
    0x00D0 :  MOV   A, 0x13     
    0x00D1 :  XOR   A, @0x02    
    0x00D2 :  JBC   0x03, 2     
    0x00D3 :  JMP   0x0E5       
    0x00D4 :  MOV   A, 0x13     
    0x00D5 :  XOR   A, @0x03    
    0x00D6 :  JBC   0x03, 2     
    0x00D7 :  JMP   0x0F0       
    0x00D8 :  MOV   A, 0x13     
    0x00D9 :  XOR   A, @0x04    
    0x00DA :  JBC   0x03, 2     
    0x00DB :  JMP   0x0FB       
    0x00DC :  MOV   A, 0x13     
    0x00DD :  XOR   A, @0x05    
    0x00DE :  JBC   0x03, 2     
    0x00DF :  JMP   0x106       
    0x00E0 :  MOV   A, 0x13     
    0x00E1 :  XOR   A, @0x06    
    0x00E2 :  JBC   0x03, 2     
    0x00E3 :  JMP   0x111       
    0x00E4 :  JMP   0x11B       
D:\外接项目\义隆单片机\Charger\Charger_301\B16AD.c (line 272)
  ;case 2: if(status==1)P55=1;
    0x00E5 :  BANK  @0x0        
    0x00E6 :  MOV   A, 0x27     
    0x00E7 :  XOR   A, @0x01    
    0x00E8 :  JBS   0x03, 2     
    0x00E9 :  JMP   0x0ED       
D:\外接项目\义隆单片机\Charger\Charger_301\B16AD.c (line 272)
  ;case 2: if(status==1)P55=1;
    0x00EA :  BC    0x04, 7     
    0x00EB :  BS    0x05, 5     
    0x00EC :  JMP   0x11B       
D:\外接项目\义隆单片机\Charger\Charger_301\B16AD.c (line 273)
  ;else P55=0;
    0x00ED :  BC    0x04, 7     
    0x00EE :  BC    0x05, 5     
D:\外接项目\义隆单片机\Charger\Charger_301\B16AD.c (line 274)
  ;break;
    0x00EF :  JMP   0x11B       
D:\外接项目\义隆单片机\Charger\Charger_301\B16AD.c (line 276)
  ;case 3: if(status==1)P70=1;
    0x00F0 :  BANK  @0x0        
    0x00F1 :  MOV   A, 0x27     
    0x00F2 :  XOR   A, @0x01    
    0x00F3 :  JBS   0x03, 2     
    0x00F4 :  JMP   0x0F8       
    0x00F5 :  BC    0x04, 7     
    0x00F6 :  BS    0x07, 0     
    0x00F7 :  JMP   0x11B       
D:\外接项目\义隆单片机\Charger\Charger_301\B16AD.c (line 277)
  ;else P70=0;
    0x00F8 :  BC    0x04, 7     
    0x00F9 :  BC    0x07, 0     
D:\外接项目\义隆单片机\Charger\Charger_301\B16AD.c (line 278)
  ;break;
    0x00FA :  JMP   0x11B       
D:\外接项目\义隆单片机\Charger\Charger_301\B16AD.c (line 279)
  ;case 4: if(status==1)P71=1;
    0x00FB :  BANK  @0x0        
    0x00FC :  MOV   A, 0x27     
    0x00FD :  XOR   A, @0x01    
    0x00FE :  JBS   0x03, 2     
    0x00FF :  JMP   0x103       
    0x0100 :  BC    0x04, 7     
    0x0101 :  BS    0x07, 1     
    0x0102 :  JMP   0x11B       
D:\外接项目\义隆单片机\Charger\Charger_301\B16AD.c (line 280)
  ;else P71=0;
    0x0103 :  BC    0x04, 7     
    0x0104 :  BC    0x07, 1     
D:\外接项目\义隆单片机\Charger\Charger_301\B16AD.c (line 281)
  ;break;
    0x0105 :  JMP   0x11B       
D:\外接项目\义隆单片机\Charger\Charger_301\B16AD.c (line 283)
  ;case 5: if(status==1)P67=1;
    0x0106 :  BANK  @0x0        
    0x0107 :  MOV   A, 0x27     
    0x0108 :  XOR   A, @0x01    
    0x0109 :  JBS   0x03, 2     
    0x010A :  JMP   0x10E       
    0x010B :  BC    0x04, 7     
    0x010C :  BS    0x06, 7     
    0x010D :  JMP   0x11B       
D:\外接项目\义隆单片机\Charger\Charger_301\B16AD.c (line 284)
  ;else P67=0;
    0x010E :  BC    0x04, 7     
    0x010F :  BC    0x06, 7     
D:\外接项目\义隆单片机\Charger\Charger_301\B16AD.c (line 285)
  ;break;
    0x0110 :  JMP   0x11B       
D:\外接项目\义隆单片机\Charger\Charger_301\B16AD.c (line 286)
  ;case 6: if(status==1)P51=1;
    0x0111 :  BANK  @0x0        
    0x0112 :  MOV   A, 0x27     
    0x0113 :  XOR   A, @0x01    
    0x0114 :  JBS   0x03, 2     
    0x0115 :  JMP   0x119       
    0x0116 :  BC    0x04, 7     
    0x0117 :  BS    0x05, 1     
    0x0118 :  JMP   0x11B       
D:\外接项目\义隆单片机\Charger\Charger_301\B16AD.c (line 287)
  ;else P51=0;
    0x0119 :  BC    0x04, 7     
    0x011A :  BC    0x05, 1     
    0x011B :  BANK  @0x0        
    0x011C :  MOV   A, 0x22     
    0x011D :  MOV   0x13, A     
    0x011E :  MOV   A, 0x23     
    0x011F :  MOV   0x14, A     
    0x0120 :  MOV   A, 0x24     
    0x0121 :  MOV   0x15, A     
    0x0122 :  MOV   A, 0x25     
    0x0123 :  MOV   0x16, A     
    0x0124 :  RET               
D:\外接项目\义隆单片机\Charger\Charger_301\user_system_initial.h (line 22)
  ;MOV   	A,@0X10
    0x0125 :  MOV   A, @0x10    
D:\外接项目\义隆单片机\Charger\Charger_301\user_system_initial.h (line 23)
  ;MOV   	RSR,A
    0x0126 :  MOV   0x04, A     
D:\外接项目\义隆单片机\Charger\Charger_301\user_system_initial.h (line 25)
  ;CLR   	R0
    0x0127 :  CLR   0x00        
D:\外接项目\义隆单片机\Charger\Charger_301\user_system_initial.h (line 26)
  ;INC   	RSR
    0x0128 :  INC   0x04        
D:\外接项目\义隆单片机\Charger\Charger_301\user_system_initial.h (line 27)
  ;JBC   	RSR,6
    0x0129 :  JBC   0x04, 6     
D:\外接项目\义隆单片机\Charger\Charger_301\user_system_initial.h (line 28)
  ;BS    	RSR,5
    0x012A :  BS    0x04, 5     
D:\外接项目\义隆单片机\Charger\Charger_301\user_system_initial.h (line 29)
  ;MOV		A,RSR
    0x012B :  MOV   A, 0x04     
D:\外接项目\义隆单片机\Charger\Charger_301\user_system_initial.h (line 30)
  ;AND    	A,@0X7F
    0x012C :  AND   A, @0x7F    
D:\外接项目\义隆单片机\Charger\Charger_301\user_system_initial.h (line 31)
  ;JBS		STATUS,2
    0x012D :  JBS   0x03, 2     
D:\外接项目\义隆单片机\Charger\Charger_301\user_system_initial.h (line 32)
  ;JMP   	S_CLRLOOP
    0x012E :  JMP   0x127       
D:\外接项目\义隆单片机\Charger\Charger_301\user_system_initial.h (line 34)
  ;}
    0x012F :  RET               
D:\外接项目\义隆单片机\Charger\Charger_301\user_system_initial.h (line 6)
  ;SYS_CON=0B01101111;		//选择主频模式运行  clock = 4MHz
    0x0130 :  MOV   A, @0x6F    
    0x0131 :  BS    0x04, 7     
    0x0132 :  MOV   0x0F, A     
D:\外接项目\义隆单片机\Charger\Charger_301\user_system_initial.h (line 7)
  ;IOC50=0B00000001;
    0x0133 :  MOV   A, @0x01    
    0x0134 :  BC    0x03, 6     
    0x0135 :  IOW   0x5         
D:\外接项目\义隆单片机\Charger\Charger_301\user_system_initial.h (line 8)
  ;PORT5=0B00000000;
    0x0136 :  BC    0x04, 7     
    0x0137 :  CLR   0x05        
D:\外接项目\义隆单片机\Charger\Charger_301\user_system_initial.h (line 9)
  ;IOC60=0B00000000;
    0x0138 :  MOV   A, @0x00    
    0x0139 :  IOW   0x6         
D:\外接项目\义隆单片机\Charger\Charger_301\user_system_initial.h (line 10)
  ;PORT6=0B00000000;
    0x013A :  CLR   0x06        
D:\外接项目\义隆单片机\Charger\Charger_301\user_system_initial.h (line 11)
  ;IOC70=0B00000000;
    0x013B :  MOV   A, @0x00    
    0x013C :  IOW   0x7         
D:\外接项目\义隆单片机\Charger\Charger_301\user_system_initial.h (line 12)
  ;PORT7=0B00000000;
    0x013D :  CLR   0x07        
D:\外接项目\义隆单片机\Charger\Charger_301\user_system_initial.h (line 13)
  ;}
    0x013E :  RET               
D:\外接项目\义隆单片机\Charger\Charger_301\user_tcc.h (line 8)
  ;_asm{mov a,@0b00001110
    0x013F :  MOV   A, @0x0E    
D:\外接项目\义隆单片机\Charger\Charger_301\user_tcc.h (line 9)
  ;contw					//tcc 分频器，分频128
    0x0140 :  CONTW             
D:\外接项目\义隆单片机\Charger\Charger_301\user_tcc.h (line 11)
  ;TCC=0;
    0x0141 :  CLR   0x01        
D:\外接项目\义隆单片机\Charger\Charger_301\user_tcc.h (line 12)
  ;RF=RF&0B11111110;		//清除TCC中断标志
    0x0142 :  MOV   A, @0xFE    
    0x0143 :  BC    0x04, 7     
    0x0144 :  AND   0x0F, A     
D:\外接项目\义隆单片机\Charger\Charger_301\user_tcc.h (line 14)
  ;IOCF0|=0B00000001;		//允许TCC中断
    0x0145 :  BC    0x03, 6     
    0x0146 :  IOR   0xF         
    0x0147 :  OR    A, @0x01    
    0x0148 :  IOW   0xF         
D:\外接项目\义隆单片机\Charger\Charger_301\user_tcc.h (line 15)
  ;TCC=6;
    0x0149 :  MOV   A, @0x06    
    0x014A :  MOV   0x01, A     
    0x014B :  RET               
D:\外接项目\义隆单片机\Charger\Charger_301\B16AD.c (line 255)
  ;SYS_CON=0B01101111;		//选择主频模式运行
    0x014C :  MOV   A, @0x6F    
    0x014D :  BS    0x04, 7     
    0x014E :  MOV   0x0F, A     
D:\外接项目\义隆单片机\Charger\Charger_301\B16AD.c (line 256)
  ;IOC50=0B00000001;
    0x014F :  MOV   A, @0x01    
    0x0150 :  BC    0x03, 6     
    0x0151 :  IOW   0x5         
D:\外接项目\义隆单片机\Charger\Charger_301\B16AD.c (line 257)
  ;PORT5=0B00000000;
    0x0152 :  BC    0x04, 7     
    0x0153 :  CLR   0x05        
D:\外接项目\义隆单片机\Charger\Charger_301\B16AD.c (line 258)
  ;IOC60=0B00000000;
    0x0154 :  MOV   A, @0x00    
    0x0155 :  IOW   0x6         
D:\外接项目\义隆单片机\Charger\Charger_301\B16AD.c (line 259)
  ;PORT6=0B00000000;
    0x0156 :  CLR   0x06        
D:\外接项目\义隆单片机\Charger\Charger_301\B16AD.c (line 260)
  ;IOC70=0B00000000;
    0x0157 :  MOV   A, @0x00    
    0x0158 :  IOW   0x7         
D:\外接项目\义隆单片机\Charger\Charger_301\B16AD.c (line 261)
  ;PORT7=0B00000000;
    0x0159 :  CLR   0x07        
D:\外接项目\义隆单片机\Charger\Charger_301\B16AD.c (line 263)
  ;}
    0x015A :  RET               
D:\外接项目\义隆单片机\Charger\Charger_301\B16AD.c (line 71)
  ;IO_H_L(2,0);
    0x015B :  MOV   A, @0x00    
    0x015C :  BANK  @0x0        
    0x015D :  MOV   0x27, A     
    0x015E :  MOV   A, @0x02    
    0x015F :  MOV   0x26, A     
    0x0160 :  CALL  0x0C5       
D:\外接项目\义隆单片机\Charger\Charger_301\B16AD.c (line 72)
  ;IO_H_L(3,0);
    0x0161 :  MOV   A, @0x00    
    0x0162 :  BANK  @0x0        
    0x0163 :  MOV   0x27, A     
    0x0164 :  MOV   A, @0x03    
    0x0165 :  MOV   0x26, A     
    0x0166 :  CALL  0x0C5       
D:\外接项目\义隆单片机\Charger\Charger_301\B16AD.c (line 73)
  ;IO_H_L(4,0);//floating
    0x0167 :  MOV   A, @0x00    
    0x0168 :  BANK  @0x0        
    0x0169 :  MOV   0x27, A     
    0x016A :  MOV   A, @0x04    
    0x016B :  MOV   0x26, A     
    0x016C :  CALL  0x0C5       
D:\外接项目\义隆单片机\Charger\Charger_301\B16AD.c (line 74)
  ;IO_H_L(5,0);
    0x016D :  MOV   A, @0x00    
    0x016E :  BANK  @0x0        
    0x016F :  MOV   0x27, A     
    0x0170 :  MOV   A, @0x05    
    0x0171 :  MOV   0x26, A     
    0x0172 :  CALL  0x0C5       
D:\外接项目\义隆单片机\Charger\Charger_301\B16AD.c (line 75)
  ;IO_H_L(6,1);
    0x0173 :  MOV   A, @0x01    
    0x0174 :  BANK  @0x0        
    0x0175 :  MOV   0x27, A     
    0x0176 :  MOV   A, @0x06    
    0x0177 :  MOV   0x26, A     
    0x0178 :  CALL  0x0C5       
D:\外接项目\义隆单片机\Charger\Charger_301\B16AD.c (line 77)
  ;}
    0x0179 :  RET               
D:\外接项目\义隆单片机\Charger\Charger_301\user_ad.h (line 39)
  ;AISR=0B00000001;		//enable p50 ad
    0x017A :  MOV   A, @0x01    
    0x017B :  BC    0x04, 7     
    0x017C :  MOV   0x08, A     
D:\外接项目\义隆单片机\Charger\Charger_301\user_ad.h (line 40)
  ;ADCON=0B00001000;		//使能AD 非省电模式 by howie
    0x017D :  MOV   A, @0x08    
    0x017E :  MOV   0x09, A     
D:\外接项目\义隆单片机\Charger\Charger_301\user_ad.h (line 41)
  ;ADOC=0B00000110;		//参考电压2V
    0x017F :  MOV   A, @0x06    
    0x0180 :  MOV   0x0A, A     
D:\外接项目\义隆单片机\Charger\Charger_301\user_ad.h (line 43)
  ;ADRUN=1;                //bit4 ADC开始转换
    0x0181 :  BS    0x09, 4     
D:\外接项目\义隆单片机\Charger\Charger_301\user_ad.h (line 44)
  ;IOCE0|=0B00100000;		//允许AD中断
    0x0182 :  BC    0x03, 6     
    0x0183 :  IOR   0xE         
    0x0184 :  OR    A, @0x20    
    0x0185 :  IOW   0xE         
D:\外接项目\义隆单片机\Charger\Charger_301\user_ad.h (line 45)
  ;}
    0x0186 :  RET               
D:\外接项目\义隆单片机\Charger\Charger_301\B16AD.c (line 84)
  ;if(adc_value<=ADC_010V)
    0x0187 :  BANK  @0x1        
    0x0188 :  MOV   A, 0x25     
    0x0189 :  XOR   A, @0x80    
    0x018A :  SUB   A, @0x8D    
    0x018B :  JBS   0x03, 0     
    0x018C :  JMP   0x18F       
D:\外接项目\义隆单片机\Charger\Charger_301\B16AD.c (line 86)
  ;charger_half_hour_last();
    0x018D :  CALL  0x1A1       
    0x018E :  JMP   0x1A0       
D:\外接项目\义隆单片机\Charger\Charger_301\B16AD.c (line 88)
  ;else if(adc_value<=ADC_015V)
    0x018F :  BANK  @0x1        
    0x0190 :  MOV   A, 0x25     
    0x0191 :  XOR   A, @0x80    
    0x0192 :  SUB   A, @0x93    
    0x0193 :  JBS   0x03, 0     
    0x0194 :  JMP   0x197       
D:\外接项目\义隆单片机\Charger\Charger_301\B16AD.c (line 91)
  ;charger_half_hour();
    0x0195 :  CALL  0x1FC       
    0x0196 :  JMP   0x1A0       
D:\外接项目\义隆单片机\Charger\Charger_301\B16AD.c (line 93)
  ;else if(adc_value<=ADC_020V)
    0x0197 :  BANK  @0x1        
    0x0198 :  MOV   A, 0x25     
    0x0199 :  XOR   A, @0x80    
    0x019A :  SUB   A, @0x90    
    0x019B :  JBS   0x03, 0     
    0x019C :  JMP   0x19F       
D:\外接项目\义隆单片机\Charger\Charger_301\B16AD.c (line 96)
  ;charger_half_hour();
    0x019D :  CALL  0x1FC       
    0x019E :  JMP   0x1A0       
D:\外接项目\义隆单片机\Charger\Charger_301\B16AD.c (line 101)
  ;charger_eight_hours();
    0x019F :  CALL  0x230       
D:\外接项目\义隆单片机\Charger\Charger_301\B16AD.c (line 103)
  ;}
    0x01A0 :  RET               
D:\外接项目\义隆单片机\Charger\Charger_301\B16AD.c (line 163)
  ;char exit_this = 0;
    0x01A1 :  BANK  @0x1        
    0x01A2 :  CLR   0x27        
D:\外接项目\义隆单片机\Charger\Charger_301\B16AD.c (line 164)
  ;timeout = 0;//半小时等于1800秒
    0x01A3 :  CLR   0x24        
    0x01A4 :  CLR   0x23        
    0x01A5 :  JMP   0x1C9       
D:\外接项目\义隆单片机\Charger\Charger_301\B16AD.c (line 167)
  ;if(timeout >= 10)//时间到了,一小时等于1800秒
    0x01A6 :  MOV   A, @0x00    
    0x01A7 :  BANK  @0x1        
    0x01A8 :  SUB   A, 0x24     
    0x01A9 :  JBS   0x03, 2     
    0x01AA :  JMP   0x1AD       
    0x01AB :  MOV   A, @0x0A    
    0x01AC :  SUB   A, 0x23     
    0x01AD :  JBS   0x03, 0     
    0x01AE :  JMP   0x1B1       
D:\外接项目\义隆单片机\Charger\Charger_301\B16AD.c (line 169)
  ;charger_floating_an_hour();
    0x01AF :  CALL  0x1CB       
D:\外接项目\义隆单片机\Charger\Charger_301\B16AD.c (line 170)
  ;break;
    0x01B0 :  JMP   0x1CA       
D:\外接项目\义隆单片机\Charger\Charger_301\B16AD.c (line 173)
  ;IO_H_L(2,1);
    0x01B1 :  MOV   A, @0x01    
    0x01B2 :  BANK  @0x0        
    0x01B3 :  MOV   0x27, A     
    0x01B4 :  MOV   A, @0x02    
    0x01B5 :  MOV   0x26, A     
    0x01B6 :  CALL  0x0C5       
D:\外接项目\义隆单片机\Charger\Charger_301\B16AD.c (line 174)
  ;IO_H_L(3,0);
    0x01B7 :  MOV   A, @0x00    
    0x01B8 :  BANK  @0x0        
    0x01B9 :  MOV   0x27, A     
    0x01BA :  MOV   A, @0x03    
    0x01BB :  MOV   0x26, A     
    0x01BC :  CALL  0x0C5       
D:\外接项目\义隆单片机\Charger\Charger_301\B16AD.c (line 175)
  ;IO_H_L(4,0);
    0x01BD :  MOV   A, @0x00    
    0x01BE :  BANK  @0x0        
    0x01BF :  MOV   0x27, A     
    0x01C0 :  MOV   A, @0x04    
    0x01C1 :  MOV   0x26, A     
    0x01C2 :  CALL  0x0C5       
D:\外接项目\义隆单片机\Charger\Charger_301\B16AD.c (line 176)
  ;IO_H_L(5,1);
    0x01C3 :  MOV   A, @0x01    
    0x01C4 :  BANK  @0x0        
    0x01C5 :  MOV   0x27, A     
    0x01C6 :  MOV   A, @0x05    
    0x01C7 :  MOV   0x26, A     
    0x01C8 :  CALL  0x0C5       
D:\外接项目\义隆单片机\Charger\Charger_301\B16AD.c (line 165)
  ;while(1)
    0x01C9 :  JMP   0x1A6       
D:\外接项目\义隆单片机\Charger\Charger_301\B16AD.c (line 179)
  ;}
    0x01CA :  RET               
D:\外接项目\义隆单片机\Charger\Charger_301\B16AD.c (line 211)
  ;timeout = 0;//一小时等于3600秒
    0x01CB :  BANK  @0x1        
    0x01CC :  CLR   0x24        
    0x01CD :  CLR   0x23        
    0x01CE :  JMP   0x1FA       
D:\外接项目\义隆单片机\Charger\Charger_301\B16AD.c (line 215)
  ;if(adc_value>ADC_004V)
    0x01CF :  BANK  @0x1        
    0x01D0 :  MOV   A, 0x25     
    0x01D1 :  XOR   A, @0x80    
    0x01D2 :  SUB   A, @0x85    
    0x01D3 :  JBC   0x03, 0     
    0x01D4 :  JMP   0x1DB       
D:\外接项目\义隆单片机\Charger\Charger_301\B16AD.c (line 217)
  ;IO_H_L(5,1);
    0x01D5 :  MOV   A, @0x01    
    0x01D6 :  BANK  @0x0        
    0x01D7 :  MOV   0x27, A     
    0x01D8 :  MOV   A, @0x05    
    0x01D9 :  MOV   0x26, A     
    0x01DA :  CALL  0x0C5       
D:\外接项目\义隆单片机\Charger\Charger_301\B16AD.c (line 219)
  ;if(adc_value<=ADC_004V)
    0x01DB :  BANK  @0x1        
    0x01DC :  MOV   A, 0x25     
    0x01DD :  XOR   A, @0x80    
    0x01DE :  SUB   A, @0x85    
    0x01DF :  JBS   0x03, 0     
    0x01E0 :  JMP   0x1EB       
D:\外接项目\义隆单片机\Charger\Charger_301\B16AD.c (line 221)
  ;IO_H_L(5,0);
    0x01E1 :  MOV   A, @0x00    
    0x01E2 :  BANK  @0x0        
    0x01E3 :  MOV   0x27, A     
    0x01E4 :  MOV   A, @0x05    
    0x01E5 :  MOV   0x26, A     
    0x01E6 :  CALL  0x0C5       
D:\外接项目\义隆单片机\Charger\Charger_301\B16AD.c (line 223)
  ;IOC50|=0B00100000;//setting P55 floating 设置2脚浮空
    0x01E7 :  BC    0x03, 6     
    0x01E8 :  IOR   0x5         
    0x01E9 :  OR    A, @0x20    
    0x01EA :  IOW   0x5         
D:\外接项目\义隆单片机\Charger\Charger_301\B16AD.c (line 226)
  ;if(timeout >=10)
    0x01EB :  MOV   A, @0x00    
    0x01EC :  BANK  @0x1        
    0x01ED :  SUB   A, 0x24     
    0x01EE :  JBS   0x03, 2     
    0x01EF :  JMP   0x1F2       
    0x01F0 :  MOV   A, @0x0A    
    0x01F1 :  SUB   A, 0x23     
    0x01F2 :  JBS   0x03, 0     
    0x01F3 :  JMP   0x1FA       
D:\外接项目\义隆单片机\Charger\Charger_301\B16AD.c (line 229)
  ;IO_H_L(3,1);
    0x01F4 :  MOV   A, @0x01    
    0x01F5 :  BANK  @0x0        
    0x01F6 :  MOV   0x27, A     
    0x01F7 :  MOV   A, @0x03    
    0x01F8 :  MOV   0x26, A     
    0x01F9 :  CALL  0x0C5       
D:\外接项目\义隆单片机\Charger\Charger_301\B16AD.c (line 212)
  ;while(1)
    0x01FA :  JMP   0x1CF       
D:\外接项目\义隆单片机\Charger\Charger_301\B16AD.c (line 233)
  ;}
    0x01FB :  RET               
D:\外接项目\义隆单片机\Charger\Charger_301\B16AD.c (line 137)
  ;char exit_this = 0;
    0x01FC :  BANK  @0x1        
    0x01FD :  CLR   0x26        
D:\外接项目\义隆单片机\Charger\Charger_301\B16AD.c (line 138)
  ;timeout = 0;//半小时等于1800秒
    0x01FE :  CLR   0x24        
    0x01FF :  CLR   0x23        
    0x0200 :  JMP   0x22D       
D:\外接项目\义隆单片机\Charger\Charger_301\B16AD.c (line 141)
  ;if(adc_value < ADC_010V)
    0x0201 :  MOV   A, @0x80    
    0x0202 :  BANK  @0x1        
    0x0203 :  XOR   A, 0x25     
    0x0204 :  MOV   0x17, A     
    0x0205 :  MOV   A, @0x8D    
    0x0206 :  SUB   A, 0x17     
    0x0207 :  JBC   0x03, 0     
    0x0208 :  JMP   0x20B       
D:\外接项目\义隆单片机\Charger\Charger_301\B16AD.c (line 144)
  ;exit_this = 1;
    0x0209 :  MOV   A, @0x01    
    0x020A :  MOV   0x26, A     
D:\外接项目\义隆单片机\Charger\Charger_301\B16AD.c (line 146)
  ;if(timeout >= 10)//时间到了,一小时等于1800秒
    0x020B :  MOV   A, @0x00    
    0x020C :  BANK  @0x1        
    0x020D :  SUB   A, 0x24     
    0x020E :  JBS   0x03, 2     
    0x020F :  JMP   0x212       
    0x0210 :  MOV   A, @0x0A    
    0x0211 :  SUB   A, 0x23     
    0x0212 :  JBS   0x03, 0     
    0x0213 :  JMP   0x215       
D:\外接项目\义隆单片机\Charger\Charger_301\B16AD.c (line 148)
  ;charger_floating_an_hour();
    0x0214 :  CALL  0x1CB       
D:\外接项目\义隆单片机\Charger\Charger_301\B16AD.c (line 151)
  ;IO_H_L(2,1);
    0x0215 :  MOV   A, @0x01    
    0x0216 :  BANK  @0x0        
    0x0217 :  MOV   0x27, A     
    0x0218 :  MOV   A, @0x02    
    0x0219 :  MOV   0x26, A     
    0x021A :  CALL  0x0C5       
D:\外接项目\义隆单片机\Charger\Charger_301\B16AD.c (line 152)
  ;IO_H_L(3,0);
    0x021B :  MOV   A, @0x00    
    0x021C :  BANK  @0x0        
    0x021D :  MOV   0x27, A     
    0x021E :  MOV   A, @0x03    
    0x021F :  MOV   0x26, A     
    0x0220 :  CALL  0x0C5       
D:\外接项目\义隆单片机\Charger\Charger_301\B16AD.c (line 153)
  ;IO_H_L(4,0);
    0x0221 :  MOV   A, @0x00    
    0x0222 :  BANK  @0x0        
    0x0223 :  MOV   0x27, A     
    0x0224 :  MOV   A, @0x04    
    0x0225 :  MOV   0x26, A     
    0x0226 :  CALL  0x0C5       
D:\外接项目\义隆单片机\Charger\Charger_301\B16AD.c (line 154)
  ;IO_H_L(5,1);
    0x0227 :  MOV   A, @0x01    
    0x0228 :  BANK  @0x0        
    0x0229 :  MOV   0x27, A     
    0x022A :  MOV   A, @0x05    
    0x022B :  MOV   0x26, A     
    0x022C :  CALL  0x0C5       
D:\外接项目\义隆单片机\Charger\Charger_301\B16AD.c (line 139)
  ;while(1)
    0x022D :  JMP   0x201       
D:\外接项目\义隆单片机\Charger\Charger_301\B16AD.c (line 156)
  ;charger_half_hour_last();
    0x022E :  CALL  0x1A1       
D:\外接项目\义隆单片机\Charger\Charger_301\B16AD.c (line 157)
  ;}
    0x022F :  RET               
D:\外接项目\义隆单片机\Charger\Charger_301\B16AD.c (line 185)
  ;char exit_this = 0;
    0x0230 :  BANK  @0x1        
    0x0231 :  CLR   0x28        
D:\外接项目\义隆单片机\Charger\Charger_301\B16AD.c (line 186)
  ;timeout = 0;//一小时等于3600秒
    0x0232 :  CLR   0x24        
    0x0233 :  CLR   0x23        
    0x0234 :  JMP   0x262       
D:\外接项目\义隆单片机\Charger\Charger_301\B16AD.c (line 189)
  ;if(adc_value < ADC_020V)
    0x0235 :  MOV   A, @0x80    
    0x0236 :  BANK  @0x1        
    0x0237 :  XOR   A, 0x25     
    0x0238 :  MOV   0x17, A     
    0x0239 :  MOV   A, @0x90    
    0x023A :  SUB   A, 0x17     
    0x023B :  JBC   0x03, 0     
    0x023C :  JMP   0x240       
D:\外接项目\义隆单片机\Charger\Charger_301\B16AD.c (line 192)
  ;exit_this = 1;
    0x023D :  MOV   A, @0x01    
    0x023E :  MOV   0x28, A     
D:\外接项目\义隆单片机\Charger\Charger_301\B16AD.c (line 193)
  ;break;
    0x023F :  JMP   0x263       
D:\外接项目\义隆单片机\Charger\Charger_301\B16AD.c (line 195)
  ;if(timeout >= 10)//时间到了,一小时等于3600秒
    0x0240 :  MOV   A, @0x00    
    0x0241 :  BANK  @0x1        
    0x0242 :  SUB   A, 0x24     
    0x0243 :  JBS   0x03, 2     
    0x0244 :  JMP   0x247       
    0x0245 :  MOV   A, @0x0A    
    0x0246 :  SUB   A, 0x23     
    0x0247 :  JBS   0x03, 0     
    0x0248 :  JMP   0x24A       
D:\外接项目\义隆单片机\Charger\Charger_301\B16AD.c (line 197)
  ;charger_floating_an_hour();
    0x0249 :  CALL  0x1CB       
D:\外接项目\义隆单片机\Charger\Charger_301\B16AD.c (line 200)
  ;IO_H_L(2,1);
    0x024A :  MOV   A, @0x01    
    0x024B :  BANK  @0x0        
    0x024C :  MOV   0x27, A     
    0x024D :  MOV   A, @0x02    
    0x024E :  MOV   0x26, A     
    0x024F :  CALL  0x0C5       
D:\外接项目\义隆单片机\Charger\Charger_301\B16AD.c (line 201)
  ;IO_H_L(3,0);
    0x0250 :  MOV   A, @0x00    
    0x0251 :  BANK  @0x0        
    0x0252 :  MOV   0x27, A     
    0x0253 :  MOV   A, @0x03    
    0x0254 :  MOV   0x26, A     
    0x0255 :  CALL  0x0C5       
D:\外接项目\义隆单片机\Charger\Charger_301\B16AD.c (line 202)
  ;IO_H_L(4,0);
    0x0256 :  MOV   A, @0x00    
    0x0257 :  BANK  @0x0        
    0x0258 :  MOV   0x27, A     
    0x0259 :  MOV   A, @0x04    
    0x025A :  MOV   0x26, A     
    0x025B :  CALL  0x0C5       
D:\外接项目\义隆单片机\Charger\Charger_301\B16AD.c (line 203)
  ;IO_H_L(5,1);
    0x025C :  MOV   A, @0x01    
    0x025D :  BANK  @0x0        
    0x025E :  MOV   0x27, A     
    0x025F :  MOV   A, @0x05    
    0x0260 :  MOV   0x26, A     
    0x0261 :  CALL  0x0C5       
D:\外接项目\义隆单片机\Charger\Charger_301\B16AD.c (line 187)
  ;while(1)
    0x0262 :  JMP   0x235       
D:\外接项目\义隆单片机\Charger\Charger_301\B16AD.c (line 205)
  ;charger_half_hour();
    0x0263 :  CALL  0x1FC       
D:\外接项目\义隆单片机\Charger\Charger_301\B16AD.c (line 207)
  ;}
    0x0264 :  RET               
